Archive member included to satisfy reference by file (symbol)

c:/ac62/systemworkbench/plugins/fr.ac6.mcu.externaltools.arm-none.win32_1.7.0.201602121829/tools/compiler/bin/../lib/gcc/arm-none-eabi/5.2.1/armv7-m\libgcc.a(_arm_addsubsf3.o)
                              src/main.o (__aeabi_fsub)
c:/ac62/systemworkbench/plugins/fr.ac6.mcu.externaltools.arm-none.win32_1.7.0.201602121829/tools/compiler/bin/../lib/gcc/arm-none-eabi/5.2.1/armv7-m\libgcc.a(_arm_muldivsf3.o)
                              src/main.o (__aeabi_fmul)
c:/ac62/systemworkbench/plugins/fr.ac6.mcu.externaltools.arm-none.win32_1.7.0.201602121829/tools/compiler/bin/../lib/gcc/arm-none-eabi/5.2.1/armv7-m\libgcc.a(_arm_cmpsf2.o)
                              src/main.o (__aeabi_fcmplt)
c:/ac62/systemworkbench/plugins/fr.ac6.mcu.externaltools.arm-none.win32_1.7.0.201602121829/tools/compiler/bin/../lib/gcc/arm-none-eabi/5.2.1/armv7-m\libgcc.a(_arm_fixsfsi.o)
                              src/main.o (__aeabi_f2iz)
c:/ac62/systemworkbench/plugins/fr.ac6.mcu.externaltools.arm-none.win32_1.7.0.201602121829/tools/compiler/bin/../lib/gcc/arm-none-eabi/5.2.1/../../../../arm-none-eabi/lib/armv7-m\libc.a(lib_a-errno.o)
                              src/syscalls.o (__errno)
c:/ac62/systemworkbench/plugins/fr.ac6.mcu.externaltools.arm-none.win32_1.7.0.201602121829/tools/compiler/bin/../lib/gcc/arm-none-eabi/5.2.1/../../../../arm-none-eabi/lib/armv7-m\libc.a(lib_a-exit.o)
                              c:/ac62/systemworkbench/plugins/fr.ac6.mcu.externaltools.arm-none.win32_1.7.0.201602121829/tools/compiler/bin/../lib/gcc/arm-none-eabi/5.2.1/../../../../arm-none-eabi/lib/armv7-m/crt0.o (exit)
c:/ac62/systemworkbench/plugins/fr.ac6.mcu.externaltools.arm-none.win32_1.7.0.201602121829/tools/compiler/bin/../lib/gcc/arm-none-eabi/5.2.1/../../../../arm-none-eabi/lib/armv7-m\libc.a(lib_a-impure.o)
                              c:/ac62/systemworkbench/plugins/fr.ac6.mcu.externaltools.arm-none.win32_1.7.0.201602121829/tools/compiler/bin/../lib/gcc/arm-none-eabi/5.2.1/../../../../arm-none-eabi/lib/armv7-m\libc.a(lib_a-exit.o) (_global_impure_ptr)
c:/ac62/systemworkbench/plugins/fr.ac6.mcu.externaltools.arm-none.win32_1.7.0.201602121829/tools/compiler/bin/../lib/gcc/arm-none-eabi/5.2.1/../../../../arm-none-eabi/lib/armv7-m\libc.a(lib_a-init.o)
                              c:/ac62/systemworkbench/plugins/fr.ac6.mcu.externaltools.arm-none.win32_1.7.0.201602121829/tools/compiler/bin/../lib/gcc/arm-none-eabi/5.2.1/../../../../arm-none-eabi/lib/armv7-m/crt0.o (__libc_init_array)
c:/ac62/systemworkbench/plugins/fr.ac6.mcu.externaltools.arm-none.win32_1.7.0.201602121829/tools/compiler/bin/../lib/gcc/arm-none-eabi/5.2.1/../../../../arm-none-eabi/lib/armv7-m\libc.a(lib_a-memset.o)
                              c:/ac62/systemworkbench/plugins/fr.ac6.mcu.externaltools.arm-none.win32_1.7.0.201602121829/tools/compiler/bin/../lib/gcc/arm-none-eabi/5.2.1/../../../../arm-none-eabi/lib/armv7-m/crt0.o (memset)
c:/ac62/systemworkbench/plugins/fr.ac6.mcu.externaltools.arm-none.win32_1.7.0.201602121829/tools/compiler/bin/../lib/gcc/arm-none-eabi/5.2.1/../../../../arm-none-eabi/lib/armv7-m\libc.a(lib_a-printf.o)
                              src/main.o (printf)
c:/ac62/systemworkbench/plugins/fr.ac6.mcu.externaltools.arm-none.win32_1.7.0.201602121829/tools/compiler/bin/../lib/gcc/arm-none-eabi/5.2.1/../../../../arm-none-eabi/lib/armv7-m\libc.a(lib_a-vfprintf.o)
                              c:/ac62/systemworkbench/plugins/fr.ac6.mcu.externaltools.arm-none.win32_1.7.0.201602121829/tools/compiler/bin/../lib/gcc/arm-none-eabi/5.2.1/../../../../arm-none-eabi/lib/armv7-m\libc.a(lib_a-printf.o) (_vfprintf_r)
c:/ac62/systemworkbench/plugins/fr.ac6.mcu.externaltools.arm-none.win32_1.7.0.201602121829/tools/compiler/bin/../lib/gcc/arm-none-eabi/5.2.1/../../../../arm-none-eabi/lib/armv7-m\libc.a(lib_a-wsetup.o)
                              c:/ac62/systemworkbench/plugins/fr.ac6.mcu.externaltools.arm-none.win32_1.7.0.201602121829/tools/compiler/bin/../lib/gcc/arm-none-eabi/5.2.1/../../../../arm-none-eabi/lib/armv7-m\libc.a(lib_a-vfprintf.o) (__swsetup_r)
c:/ac62/systemworkbench/plugins/fr.ac6.mcu.externaltools.arm-none.win32_1.7.0.201602121829/tools/compiler/bin/../lib/gcc/arm-none-eabi/5.2.1/../../../../arm-none-eabi/lib/armv7-m\libc.a(lib_a-__call_atexit.o)
                              c:/ac62/systemworkbench/plugins/fr.ac6.mcu.externaltools.arm-none.win32_1.7.0.201602121829/tools/compiler/bin/../lib/gcc/arm-none-eabi/5.2.1/../../../../arm-none-eabi/lib/armv7-m\libc.a(lib_a-exit.o) (__call_exitprocs)
c:/ac62/systemworkbench/plugins/fr.ac6.mcu.externaltools.arm-none.win32_1.7.0.201602121829/tools/compiler/bin/../lib/gcc/arm-none-eabi/5.2.1/../../../../arm-none-eabi/lib/armv7-m\libc.a(lib_a-atexit.o)
[...]
Memory Configuration

Name             Origin             Length             Attributes
FLASH            0x08000000         0x00020000         xr
RAM              0x20000000         0x00005000         xrw
MEMORY_B1        0x60000000         0x00000000         xr
*default*        0x00000000         0xffffffff

Linker script and memory map

LOAD c:/ac62/systemworkbench/plugins/fr.ac6.mcu.externaltools.arm-none.win32_1.7.0.201602121829/tools/compiler/bin/../lib/gcc/arm-none-eabi/5.2.1/armv7-m/crti.o
LOAD c:/ac62/systemworkbench/plugins/fr.ac6.mcu.externaltools.arm-none.win32_1.7.0.201602121829/tools/compiler/bin/../lib/gcc/arm-none-eabi/5.2.1/armv7-m/crtbegin.o
LOAD c:/ac62/systemworkbench/plugins/fr.ac6.mcu.externaltools.arm-none.win32_1.7.0.201602121829/tools/compiler/bin/../lib/gcc/arm-none-eabi/5.2.1/../../../../arm-none-eabi/lib/armv7-m/crt0.o
LOAD c:/ac62/systemworkbench/plugins/fr.ac6.mcu.externaltools.arm-none.win32_1.7.0.201602121829/tools/compiler/bin/../lib/gcc/arm-none-eabi/5.2.1/../../../../arm-none-eabi/lib/armv7-m\libm.a
LOAD StdPeriph_Driver/src/misc.o
LOAD StdPeriph_Driver/src/stm32f10x_adc.o
LOAD StdPeriph_Driver/src/stm32f10x_bkp.o
LOAD StdPeriph_Driver/src/stm32f10x_can.o
LOAD StdPeriph_Driver/src/stm32f10x_cec.o
LOAD StdPeriph_Driver/src/stm32f10x_crc.o
LOAD StdPeriph_Driver/src/stm32f10x_dac.o
LOAD StdPeriph_Driver/src/stm32f10x_dbgmcu.o
LOAD StdPeriph_Driver/src/stm32f10x_dma.o
LOAD StdPeriph_Driver/src/stm32f10x_exti.o
LOAD StdPeriph_Driver/src/stm32f10x_flash.o
LOAD StdPeriph_Driver/src/stm32f10x_fsmc.o
LOAD StdPeriph_Driver/src/stm32f10x_gpio.o
LOAD StdPeriph_Driver/src/stm32f10x_i2c.o
LOAD StdPeriph_Driver/src/stm32f10x_iwdg.o
LOAD StdPeriph_Driver/src/stm32f10x_pwr.o
LOAD StdPeriph_Driver/src/stm32f10x_rcc.o
LOAD StdPeriph_Driver/src/stm32f10x_rtc.o
LOAD StdPeriph_Driver/src/stm32f10x_sdio.o
LOAD StdPeriph_Driver/src/stm32f10x_spi.o
LOAD StdPeriph_Driver/src/stm32f10x_tim.o
LOAD StdPeriph_Driver/src/stm32f10x_usart.o
LOAD StdPeriph_Driver/src/stm32f10x_wwdg.o
LOAD src/MPU6050.o
LOAD src/esp8266.o
LOAD src/main.o
LOAD src/syscalls.o
LOAD src/system_stm32f10x.o
LOAD startup/startup_stm32f10x_md.o
START GROUP
LOAD c:/ac62/systemworkbench/plugins/fr.ac6.mcu.externaltools.arm-none.win32_1.7.0.201602121829/tools/compiler/bin/../lib/gcc/arm-none-eabi/5.2.1/armv7-m\libgcc.a
LOAD c:/ac62/systemworkbench/plugins/fr.ac6.mcu.externaltools.arm-none.win32_1.7.0.201602121829/tools/compiler/bin/../lib/gcc/arm-none-eabi/5.2.1/../../../../arm-none-eabi/lib/armv7-m\libc.a
END GROUP
LOAD c:/ac62/systemworkbench/plugins/fr.ac6.mcu.externaltools.arm-none.win32_1.7.0.201602121829/tools/compiler/bin/../lib/gcc/arm-none-eabi/5.2.1/armv7-m/crtend.o
LOAD c:/ac62/systemworkbench/plugins/fr.ac6.mcu.externaltools.arm-none.win32_1.7.0.201602121829/tools/compiler/bin/../lib/gcc/arm-none-eabi/5.2.1/armv7-m/crtn.o
                0x20005000                _estack = 0x20005000
                0x00000000                _Min_Heap_Size = 0x0
                0x00000100                _Min_Stack_Size = 0x100

.isr_vector     0x08000000      0x10c
                0x08000000                . = ALIGN (0x4)
 *(.isr_vector)
 .isr_vector    0x08000000      0x10c startup/startup_stm32f10x_md.o
                0x08000000                g_pfnVectors
                0x0800010c                . = ALIGN (0x4)

.text           0x08000110     0x841c
                0x08000110                . = ALIGN (0x4)
 *(.text)
 .text          0x08000110       0xa4 c:/ac62/systemworkbench/plugins/fr.ac6.mcu.externaltools.arm-none.win32_1.7.0.201602121829/tools/compiler/bin/../lib/gcc/arm-none-eabi/5.2.1/armv7-m/crtbegin.o
 .text          0x080001b4      0x21c c:/ac62/systemworkbench/plugins/fr.ac6.mcu.externaltools.arm-none.win32_1.7.0.201602121829/tools/compiler/bin/../lib/gcc/arm-none-eabi/5.2.1/armv7-m\libgcc.a(_arm_addsubsf3.o)
                0x080001b4                __aeabi_frsub
                0x080001bc                __subsf3
                0x080001bc                __aeabi_fsub
                0x080001c0                __aeabi_fadd
                0x080001c0                __addsf3
                0x08000320                __aeabi_ui2f
                0x08000320                __floatunsisf
                0x08000328                __aeabi_i2f
                0x08000328                __floatsisf
                0x08000344                __aeabi_ul2f
                0x08000344                __floatundisf
                0x08000354                __aeabi_l2f
                0x08000354                __floatdisf
 .text          0x080003d0      0x2a0 c:/ac62/systemworkbench/plugins/fr.ac6.mcu.externaltools.arm-none.win32_1.7.0.201602121829/tools/compiler/bin/../lib/gcc/arm-none-eabi/5.2.1/armv7-m\libgcc.a(_arm_muldivsf3.o)
                0x080003d0                __mulsf3
                0x080003d0                __aeabi_fmul
                0x08000538                __aeabi_fdiv
                0x08000538                __divsf3
 .text          0x08000670       0xec c:/ac62/systemworkbench/plugins/fr.ac6.mcu.externaltools.arm-none.win32_1.7.0.201602121829/tools/compiler/bin/../lib/gcc/arm-none-eabi/5.2.1/armv7-m\libgcc.a(_arm_cmpsf2.o)
                0x08000670                __gesf2
                0x08000670                __gtsf2
                0x08000678                __lesf2
                0x08000678                __ltsf2
                0x08000680                __nesf2
                0x08000680                __eqsf2
                0x08000680                __cmpsf2
                0x080006e0                __aeabi_cfrcmple
                0x080006e8                __aeabi_cfcmpeq
                0x080006e8                __aeabi_cfcmple
                0x080006f8                __aeabi_fcmpeq
                0x0800070c                __aeabi_fcmplt
                0x08000720                __aeabi_fcmple
                0x08000734                __aeabi_fcmpge
                0x08000748                __aeabi_fcmpgt
 .text          0x0800075c       0x4c c:/ac62/systemworkbench/plugins/fr.ac6.mcu.externaltools.arm-none.win32_1.7.0.201602121829/tools/compiler/bin/../lib/gcc/arm-none-eabi/5.2.1/armv7-m\libgcc.a(_arm_fixsfsi.o)
                0x0800075c                __aeabi_f2iz
                0x0800075c                __fixsfsi
 .text          0x080007a8       0xec c:/ac62/systemworkbench/plugins/fr.ac6.mcu.externaltools.arm-none.win32_1.7.0.201602121829/tools/compiler/bin/../lib/gcc/arm-none-eabi/5.2.1/../../../../arm-none-eabi/lib/armv7-m\libc.a(lib_a-memcpy.o)
                0x080007a8                memcpy
 .text          0x08000894      0x370 c:/ac62/systemworkbench/plugins/fr.ac6.mcu.externaltools.arm-none.win32_1.7.0.201602121829/tools/compiler/bin/../lib/gcc/arm-none-eabi/5.2.1/armv7-m\libgcc.a(_arm_addsubdf3.o)
                0x08000894                __aeabi_drsub
                0x0800089c                __aeabi_dsub
                0x0800089c                __subdf3
                0x080008a0                __aeabi_dadd
                0x080008a0                __adddf3
                0x08000b18                __floatunsidf
                0x08000b18                __aeabi_ui2d
                0x08000b38                __floatsidf
                0x08000b38                __aeabi_i2d
                0x08000b5c                __aeabi_f2d
                0x08000b5c                __extendsfdf2
                0x08000b98                __floatundidf
                0x08000b98                __aeabi_ul2d
                0x08000ba8                __floatdidf
                0x08000ba8                __aeabi_l2d
 .text          0x08000c04      0x424 c:/ac62/systemworkbench/plugins/fr.ac6.mcu.externaltools.arm-none.win32_1.7.0.201602121829/tools/compiler/bin/../lib/gcc/arm-none-eabi/5.2.1/armv7-m\libgcc.a(_arm_muldivdf3.o)
                0x08000c04                __aeabi_dmul
                0x08000c04                __muldf3
                0x08000e58                __divdf3
                0x08000e58                __aeabi_ddiv
 .text          0x08001028      0x110 c:/ac62/systemworkbench/plugins/fr.ac6.mcu.externaltools.arm-none.win32_1.7.0.201602121829/tools/compiler/bin/../lib/gcc/arm-none-eabi/5.2.1/armv7-m\libgcc.a(_arm_cmpdf2.o)
                0x08001028                __gtdf2
                0x08001028                __gedf2
                0x08001030                __ltdf2
                0x08001030                __ledf2
                0x08001038                __nedf2
                0x08001038                __eqdf2
                0x08001038                __cmpdf2
                0x080010b4                __aeabi_cdrcmple
                0x080010c4                __aeabi_cdcmpeq
                0x080010c4                __aeabi_cdcmple
                0x080010d4                __aeabi_dcmpeq
                0x080010e8                __aeabi_dcmplt
                0x080010fc                __aeabi_dcmple
                0x08001110                __aeabi_dcmpge
                0x08001124                __aeabi_dcmpgt
 .text          0x08001138       0x50 c:/ac62/systemworkbench/plugins/fr.ac6.mcu.externaltools.arm-none.win32_1.7.0.201602121829/tools/compiler/bin/../lib/gcc/arm-none-eabi/5.2.1/armv7-m\libgcc.a(_arm_fixdfsi.o)
                0x08001138                __aeabi_d2iz
                0x08001138                __fixdfsi
 .text          0x08001188       0x30 c:/ac62/systemworkbench/plugins/fr.ac6.mcu.externaltools.arm-none.win32_1.7.0.201602121829/tools/compiler/bin/../lib/gcc/arm-none-eabi/5.2.1/armv7-m\libgcc.a(_aeabi_uldivmod.o)
                0x08001188                __aeabi_uldivmod
 .text          0x080011b8      0x2ec c:/ac62/systemworkbench/plugins/fr.ac6.mcu.externaltools.arm-none.win32_1.7.0.201602121829/tools/compiler/bin/../lib/gcc/arm-none-eabi/5.2.1/armv7-m\libgcc.a(_udivmoddi4.o)
                0x080011b8                __udivmoddi4
 .text          0x080014a4        0x4 c:/ac62/systemworkbench/plugins/fr.ac6.mcu.externaltools.arm-none.win32_1.7.0.201602121829/tools/compiler/bin/../lib/gcc/arm-none-eabi/5.2.1/armv7-m\libgcc.a(_dvmd_tls.o)
                0x080014a4                __aeabi_idiv0
                0x080014a4                __aeabi_ldiv0
 *(.text*)
 .text.NVIC_Init
                0x080014a8       0xc4 StdPeriph_Driver/src/misc.o
                0x080014a8                NVIC_Init
 .text.EXTI_Init
                0x0800156c       0xe4 StdPeriph_Driver/src/stm32f10x_exti.o
                0x0800156c                EXTI_Init
 .text.EXTI_StructInit
                0x08001650       0x2c StdPeriph_Driver/src/stm32f10x_exti.o
                0x08001650                EXTI_StructInit
 .text.EXTI_GetITStatus
                0x0800167c       0x48 StdPeriph_Driver/src/stm32f10x_exti.o
                0x0800167c                EXTI_GetITStatus
 .text.EXTI_ClearITPendingBit
                0x080016c4       0x1c StdPeriph_Driver/src/stm32f10x_exti.o
                0x080016c4                EXTI_ClearITPendingBit
 .text.GPIO_Init
                0x080016e0      0x178 StdPeriph_Driver/src/stm32f10x_gpio.o
                0x080016e0                GPIO_Init
 .text.GPIO_StructInit
                0x08001858       0x28 StdPeriph_Driver/src/stm32f10x_gpio.o
                0x08001858                GPIO_StructInit
 .text.GPIO_ReadInputDataBit
                0x08001880       0x34 StdPeriph_Driver/src/stm32f10x_gpio.o
                0x08001880                GPIO_ReadInputDataBit
 .text.GPIO_SetBits
                0x080018b4       0x1c StdPeriph_Driver/src/stm32f10x_gpio.o
                0x080018b4                GPIO_SetBits
 .text.GPIO_ResetBits
                0x080018d0       0x1c StdPeriph_Driver/src/stm32f10x_gpio.o
                0x080018d0                GPIO_ResetBits
 .text.GPIO_EXTILineConfig
                0x080018ec       0x84 StdPeriph_Driver/src/stm32f10x_gpio.o
                0x080018ec                GPIO_EXTILineConfig
 .text.I2C_Init
                0x08001970      0x184 StdPeriph_Driver/src/stm32f10x_i2c.o
                0x08001970                I2C_Init
 .text.I2C_Cmd  0x08001af4       0x40 StdPeriph_Driver/src/stm32f10x_i2c.o
                0x08001af4                I2C_Cmd
 .text.I2C_GenerateSTART
                0x08001b34       0x40 StdPeriph_Driver/src/stm32f10x_i2c.o
                0x08001b34                I2C_GenerateSTART
 .text.I2C_GenerateSTOP
                0x08001b74       0x40 StdPeriph_Driver/src/stm32f10x_i2c.o
                0x08001b74                I2C_GenerateSTOP
 .text.I2C_AcknowledgeConfig
                0x08001bb4       0x40 StdPeriph_Driver/src/stm32f10x_i2c.o
                0x08001bb4                I2C_AcknowledgeConfig
 .text.I2C_SendData
                0x08001bf4       0x20 StdPeriph_Driver/src/stm32f10x_i2c.o
                0x08001bf4                I2C_SendData
 .text.I2C_ReceiveData
                0x08001c14       0x1c StdPeriph_Driver/src/stm32f10x_i2c.o
                0x08001c14                I2C_ReceiveData
 .text.I2C_Send7bitAddress
                0x08001c30       0x3c StdPeriph_Driver/src/stm32f10x_i2c.o
                0x08001c30                I2C_Send7bitAddress
 .text.I2C_CheckEvent
                0x08001c6c       0x60 StdPeriph_Driver/src/stm32f10x_i2c.o
                0x08001c6c                I2C_CheckEvent
 .text.I2C_GetFlagStatus
                0x08001ccc       0x64 StdPeriph_Driver/src/stm32f10x_i2c.o
                0x08001ccc                I2C_GetFlagStatus
 .text.RCC_GetClocksFreq
                0x08001d30      0x160 StdPeriph_Driver/src/stm32f10x_rcc.o
                0x08001d30                RCC_GetClocksFreq
 .text.RCC_APB2PeriphClockCmd
                0x08001e90       0x3c StdPeriph_Driver/src/stm32f10x_rcc.o
                0x08001e90                RCC_APB2PeriphClockCmd
 .text.RCC_APB1PeriphClockCmd
                0x08001ecc       0x3c StdPeriph_Driver/src/stm32f10x_rcc.o
                0x08001ecc                RCC_APB1PeriphClockCmd
 .text.TIM_TimeBaseInit
                0x08001f08       0xf8 StdPeriph_Driver/src/stm32f10x_tim.o
                0x08001f08                TIM_TimeBaseInit
 .text.TIM_OC1Init
                0x08002000      0x118 StdPeriph_Driver/src/stm32f10x_tim.o
                0x08002000                TIM_OC1Init
 .text.TIM_OC3Init
                0x08002118      0x10c StdPeriph_Driver/src/stm32f10x_tim.o
                0x08002118                TIM_OC3Init
 .text.TIM_OC4Init
                0x08002224       0xd0 StdPeriph_Driver/src/stm32f10x_tim.o
                0x08002224                TIM_OC4Init
 .text.TIM_TimeBaseStructInit
                0x080022f4       0x34 StdPeriph_Driver/src/stm32f10x_tim.o
                0x080022f4                TIM_TimeBaseStructInit
 .text.TIM_OCStructInit
                0x08002328       0x44 StdPeriph_Driver/src/stm32f10x_tim.o
                0x08002328                TIM_OCStructInit
 .text.TIM_Cmd  0x0800236c       0x40 StdPeriph_Driver/src/stm32f10x_tim.o
                0x0800236c                TIM_Cmd
 .text.USART_Init
                0x080023ac      0x178 StdPeriph_Driver/src/stm32f10x_usart.o
                0x080023ac                USART_Init
 .text.USART_StructInit
                0x08002524       0x38 StdPeriph_Driver/src/stm32f10x_usart.o
                0x08002524                USART_StructInit
 .text.USART_Cmd
                0x0800255c       0x40 StdPeriph_Driver/src/stm32f10x_usart.o
                0x0800255c                USART_Cmd
 .text.USART_SendData
                0x0800259c       0x24 StdPeriph_Driver/src/stm32f10x_usart.o
                0x0800259c                USART_SendData
 .text.USART_ReceiveData
                0x080025c0       0x20 StdPeriph_Driver/src/stm32f10x_usart.o
                0x080025c0                USART_ReceiveData
 .text.USART_GetFlagStatus
                0x080025e0       0x38 StdPeriph_Driver/src/stm32f10x_usart.o
                0x080025e0                USART_GetFlagStatus
 .text.MPU6050_Initialize
                0x08002618       0x20 src/MPU6050.o
                0x08002618                MPU6050_Initialize
 .text.MPU6050_SetClockSource
                0x08002638       0x24 src/MPU6050.o
                0x08002638                MPU6050_SetClockSource
 .text.MPU6050_SetFullScaleGyroRange
                0x0800265c       0x24 src/MPU6050.o
                0x0800265c                MPU6050_SetFullScaleGyroRange
 .text.MPU6050_SetFullScaleAccelRange
                0x08002680       0x24 src/MPU6050.o
                0x08002680                MPU6050_SetFullScaleAccelRange
 .text.MPU6050_SetSleepModeStatus
                0x080026a4       0x20 src/MPU6050.o
                0x080026a4                MPU6050_SetSleepModeStatus
 .text.MPU6050_GetRawAccelGyro
                0x080026c4       0xb0 src/MPU6050.o
                0x080026c4                MPU6050_GetRawAccelGyro
 .text.MPU6050_WriteBits
                0x08002774       0x98 src/MPU6050.o
                0x08002774                MPU6050_WriteBits
 .text.MPU6050_WriteBit
                0x0800280c       0x78 src/MPU6050.o
                0x0800280c                MPU6050_WriteBit
 .text.MPU6050_I2C_Init
                0x08002884       0x74 src/MPU6050.o
                0x08002884                MPU6050_I2C_Init
 .text.MPU6050_I2C_ByteWrite
                0x080028f8       0x9c src/MPU6050.o
                0x080028f8                MPU6050_I2C_ByteWrite
 .text.MPU6050_I2C_BufferRead
                0x08002994      0x124 src/MPU6050.o
                0x08002994                MPU6050_I2C_BufferRead
 .text.send_char
                0x08002ab8       0x34 src/esp8266.o
                0x08002ab8                send_char
 .text.__io_putchar
                0x08002aec       0x1c src/esp8266.o
                0x08002aec                __io_putchar
 .text.esp_init
                0x08002b08       0x88 src/esp8266.o
                0x08002b08                esp_init
 .text.NVIC_SetPriority
                0x08002b90       0x54 src/main.o
 .text.SysTick_Config
                0x08002be4       0x44 src/main.o
 .text.SysTick_Handler
                0x08002c28       0x94 src/main.o
                0x08002c28                SysTick_Handler
 .text.global_variables_init
                0x08002cbc       0xc4 src/main.o
                0x08002cbc                global_variables_init
 .text.median   0x08002d80       0xec src/main.o
                0x08002d80                median
 .text.left_encoder_init
                0x08002e6c       0x6c src/main.o
                0x08002e6c                left_encoder_init
 .text.right_encoder_init
                0x08002ed8       0x6c src/main.o
                0x08002ed8                right_encoder_init
 .text.encoder_init
                0x08002f44       0x18 src/main.o
                0x08002f44                encoder_init
 .text.atmega_communication_init
                0x08002f5c      0x130 src/main.o
                0x08002f5c                atmega_communication_init
 .text.mpu_read_data
                0x0800308c       0xf4 src/main.o
                0x0800308c                mpu_read_data
 .text.EXTI9_5_IRQHandler
                0x08003180       0xac src/main.o
                0x08003180                EXTI9_5_IRQHandler
 .text.EXTI15_10_IRQHandler
                0x0800322c       0xac src/main.o
                0x0800322c                EXTI15_10_IRQHandler
 .text.hardware_setup
                0x080032d8       0x3c src/main.o
                0x080032d8                hardware_setup
 .text.export_data_wifi
                0x08003314      0x104 src/main.o
                0x08003314                export_data_wifi
 .text.export_data_atmega
                0x08003418       0xb8 src/main.o
                0x08003418                export_data_atmega
 .text.calculate_pid_output
                0x080034d0      0x148 src/main.o
                0x080034d0                calculate_pid_output
 .text.main     0x08003618      0x2f4 src/main.o
                0x08003618                main
 .text._read    0x0800390c       0x3c src/syscalls.o
                0x0800390c                _read
 .text._write   0x08003948       0x38 src/syscalls.o
                0x08003948                _write
 .text._sbrk    0x08003980       0x58 src/syscalls.o
                0x08003980                _sbrk
 .text._close   0x080039d8       0x18 src/syscalls.o
                0x080039d8                _close
 .text._fstat   0x080039f0       0x20 src/syscalls.o
                0x080039f0                _fstat
 .text._isatty  0x08003a10       0x14 src/syscalls.o
                0x08003a10                _isatty
 .text._lseek   0x08003a24       0x18 src/syscalls.o
                0x08003a24                _lseek
 .text.SystemInit
                0x08003a3c       0x68 src/system_stm32f10x.o
                0x08003a3c                SystemInit
 .text.SetSysClock
                0x08003aa4       0xb8 src/system_stm32f10x.o
 .text.Reset_Handler
                0x08003b5c       0x48 startup/startup_stm32f10x_md.o
                0x08003b5c                Reset_Handler
 .text.Default_Handler
                0x08003ba4        0x2 startup/startup_stm32f10x_md.o
                0x08003ba4                EXTI2_IRQHandler
                0x08003ba4                DebugMon_Handler
                0x08003ba4                TIM1_CC_IRQHandler
                0x08003ba4                HardFault_Handler
                0x08003ba4                PVD_IRQHandler
                0x08003ba4                PendSV_Handler
                0x08003ba4                NMI_Handler
                0x08003ba4                EXTI3_IRQHandler
                0x08003ba4                EXTI0_IRQHandler
                0x08003ba4                I2C2_EV_IRQHandler
                0x08003ba4                UsageFault_Handler
                0x08003ba4                ADC1_2_IRQHandler
                0x08003ba4                SPI1_IRQHandler
                0x08003ba4                TAMPER_IRQHandler
                0x08003ba4                DMA1_Channel4_IRQHandler
                0x08003ba4                USART3_IRQHandler
                0x08003ba4                RTC_IRQHandler
                0x08003ba4                DMA1_Channel7_IRQHandler
                0x08003ba4                CAN1_RX1_IRQHandler
                0x08003ba4                TIM4_IRQHandler
                0x08003ba4                I2C1_EV_IRQHandler
                0x08003ba4                DMA1_Channel6_IRQHandler
                0x08003ba4                TIM3_IRQHandler
                0x08003ba4                RCC_IRQHandler
                0x08003ba4                TIM1_TRG_COM_IRQHandler
                0x08003ba4                DMA1_Channel1_IRQHandler
                0x08003ba4                Default_Handler
                0x08003ba4                SPI2_IRQHandler
                0x08003ba4                MemManage_Handler
                0x08003ba4                SVC_Handler
                0x08003ba4                DMA1_Channel5_IRQHandler
                0x08003ba4                EXTI4_IRQHandler
                0x08003ba4                USB_LP_CAN1_RX0_IRQHandler
                0x08003ba4                USB_HP_CAN1_TX_IRQHandler
                0x08003ba4                DMA1_Channel3_IRQHandler
                0x08003ba4                TIM1_UP_IRQHandler
                0x08003ba4                WWDG_IRQHandler
                0x08003ba4                TIM2_IRQHandler
                0x08003ba4                TIM1_BRK_IRQHandler
                0x08003ba4                EXTI1_IRQHandler
                0x08003ba4                RTCAlarm_IRQHandler
                0x08003ba4                USART2_IRQHandler
                0x08003ba4                I2C2_ER_IRQHandler
                0x08003ba4                DMA1_Channel2_IRQHandler
                0x08003ba4                CAN1_SCE_IRQHandler
                0x08003ba4                FLASH_IRQHandler
                0x08003ba4                BusFault_Handler
                0x08003ba4                USART1_IRQHandler
                0x08003ba4                I2C1_ER_IRQHandler
                0x08003ba4                USBWakeUp_IRQHandler
 *fill*         0x08003ba6        0x2 
 .text.__errno  0x08003ba8        0xc c:/ac62/systemworkbench/plugins/fr.ac6.mcu.externaltools.arm-none.win32_1.7.0.201602121829/tools/compiler/bin/../lib/gcc/arm-none-eabi/5.2.1/../../../../arm-none-eabi/lib/armv7-m\libc.a(lib_a-errno.o)
                0x08003ba8                __errno
 .text.__libc_init_array
                0x08003bb4       0x50 c:/ac62/systemworkbench/plugins/fr.ac6.mcu.externaltools.arm-none.win32_1.7.0.201602121829/tools/compiler/bin/../lib/gcc/arm-none-eabi/5.2.1/../../../../arm-none-eabi/lib/armv7-m\libc.a(lib_a-init.o)
                0x08003bb4                __libc_init_array
 .text.memset   0x08003c04       0x9c c:/ac62/systemworkbench/plugins/fr.ac6.mcu.externaltools.arm-none.win32_1.7.0.201602121829/tools/compiler/bin/../lib/gcc/arm-none-eabi/5.2.1/../../../../arm-none-eabi/lib/armv7-m\libc.a(lib_a-memset.o)
                0x08003c04                memset
 .text.printf   0x08003ca0       0x28 c:/ac62/systemworkbench/plugins/fr.ac6.mcu.externaltools.arm-none.win32_1.7.0.201602121829/tools/compiler/bin/../lib/gcc/arm-none-eabi/5.2.1/../../../../arm-none-eabi/lib/armv7-m\libc.a(lib_a-printf.o)
                0x08003ca0                printf
 .text._vfprintf_r
                0x08003cc8     0x1718 c:/ac62/systemworkbench/plugins/fr.ac6.mcu.externaltools.arm-none.win32_1.7.0.201602121829/tools/compiler/bin/../lib/gcc/arm-none-eabi/5.2.1/../../../../arm-none-eabi/lib/armv7-m\libc.a(lib_a-vfprintf.o)
                0x08003cc8                _vfprintf_r
 .text.__sbprintf
                0x080053e0       0x6c c:/ac62/systemworkbench/plugins/fr.ac6.mcu.externaltools.arm-none.win32_1.7.0.201602121829/tools/compiler/bin/../lib/gcc/arm-none-eabi/5.2.1/../../../../arm-none-eabi/lib/armv7-m\libc.a(lib_a-vfprintf.o)
 .text.__swsetup_r
                0x0800544c       0xc4 c:/ac62/systemworkbench/plugins/fr.ac6.mcu.externaltools.arm-none.win32_1.7.0.201602121829/tools/compiler/bin/../lib/gcc/arm-none-eabi/5.2.1/../../../../arm-none-eabi/lib/armv7-m\libc.a(lib_a-wsetup.o)
                0x0800544c                __swsetup_r
 .text.startup.register_fini
                0x08005510       0x14 c:/ac62/systemworkbench/plugins/fr.ac6.mcu.externaltools.arm-none.win32_1.7.0.201602121829/tools/compiler/bin/../lib/gcc/arm-none-eabi/5.2.1/../../../../arm-none-eabi/lib/armv7-m\libc.a(lib_a-__call_atexit.o)
 .text.atexit   0x08005524        0xc c:/ac62/systemworkbench/plugins/fr.ac6.mcu.externaltools.arm-none.win32_1.7.0.201602121829/tools/compiler/bin/../lib/gcc/arm-none-eabi/5.2.1/../../../../arm-none-eabi/lib/armv7-m\libc.a(lib_a-atexit.o)
                0x08005524                atexit
 .text.quorem   0x08005530      0x12c c:/ac62/systemworkbench/plugins/fr.ac6.mcu.externaltools.arm-none.win32_1.7.0.201602121829/tools/compiler/bin/../lib/gcc/arm-none-eabi/5.2.1/../../../../arm-none-eabi/lib/armv7-m\libc.a(lib_a-dtoa.o)
 *fill*         0x0800565c        0x4 
 .text._dtoa_r  0x08005660      0xe4c c:/ac62/systemworkbench/plugins/fr.ac6.mcu.externaltools.arm-none.win32_1.7.0.201602121829/tools/compiler/bin/../lib/gcc/arm-none-eabi/5.2.1/../../../../arm-none-eabi/lib/armv7-m\libc.a(lib_a-dtoa.o)
                0x08005660                _dtoa_r
 .text.__sflush_r
                0x080064ac      0x148 c:/ac62/systemworkbench/plugins/fr.ac6.mcu.externaltools.arm-none.win32_1.7.0.201602121829/tools/compiler/bin/../lib/gcc/arm-none-eabi/5.2.1/../../../../arm-none-eabi/lib/armv7-m\libc.a(lib_a-fflush.o)
                0x080064ac                __sflush_r
 .text._fflush_r
                0x080065f4       0x2c c:/ac62/systemworkbench/plugins/fr.ac6.mcu.externaltools.arm-none.win32_1.7.0.201602121829/tools/compiler/bin/../lib/gcc/arm-none-eabi/5.2.1/../../../../arm-none-eabi/lib/armv7-m\libc.a(lib_a-fflush.o)
                0x080065f4                _fflush_r
 .text._cleanup_r
                0x08006620        0xc c:/ac62/systemworkbench/plugins/fr.ac6.mcu.externaltools.arm-none.win32_1.7.0.201602121829/tools/compiler/bin/../lib/gcc/arm-none-eabi/5.2.1/../../../../arm-none-eabi/lib/armv7-m\libc.a(lib_a-findfp.o)
                0x08006620                _cleanup_r
 .text.__sinit.part.1
                0x0800662c       0xf0 c:/ac62/systemworkbench/plugins/fr.ac6.mcu.externaltools.arm-none.win32_1.7.0.201602121829/tools/compiler/bin/../lib/gcc/arm-none-eabi/5.2.1/../../../../arm-none-eabi/lib/armv7-m\libc.a(lib_a-findfp.o)
 .text.__sinit  0x0800671c        0xc c:/ac62/systemworkbench/plugins/fr.ac6.mcu.externaltools.arm-none.win32_1.7.0.201602121829/tools/compiler/bin/../lib/gcc/arm-none-eabi/5.2.1/../../../../arm-none-eabi/lib/armv7-m\libc.a(lib_a-findfp.o)
                0x0800671c                __sinit
 .text.__sfp_lock_acquire
                0x08006728        0x4 c:/ac62/systemworkbench/plugins/fr.ac6.mcu.externaltools.arm-none.win32_1.7.0.201602121829/tools/compiler/bin/../lib/gcc/arm-none-eabi/5.2.1/../../../../arm-none-eabi/lib/armv7-m\libc.a(lib_a-findfp.o)
                0x08006728                __sfp_lock_acquire
 .text.__sfp_lock_release
                0x0800672c        0x4 c:/ac62/systemworkbench/plugins/fr.ac6.mcu.externaltools.arm-none.win32_1.7.0.201602121829/tools/compiler/bin/../lib/gcc/arm-none-eabi/5.2.1/../../../../arm-none-eabi/lib/armv7-m\libc.a(lib_a-findfp.o)
                0x0800672c                __sfp_lock_release
 .text.__libc_fini_array
                0x08006730       0x28 c:/ac62/systemworkbench/plugins/fr.ac6.mcu.externaltools.arm-none.win32_1.7.0.201602121829/tools/compiler/bin/../lib/gcc/arm-none-eabi/5.2.1/../../../../arm-none-eabi/lib/armv7-m\libc.a(lib_a-fini.o)
                0x08006730                __libc_fini_array
 .text._malloc_trim_r
                0x08006758       0x9c c:/ac62/systemworkbench/plugins/fr.ac6.mcu.externaltools.arm-none.win32_1.7.0.201602121829/tools/compiler/bin/../lib/gcc/arm-none-eabi/5.2.1/../../../../arm-none-eabi/lib/armv7-m\libc.a(lib_a-freer.o)
                0x08006758                _malloc_trim_r
 .text._free_r  0x080067f4      0x1d0 c:/ac62/systemworkbench/plugins/fr.ac6.mcu.externaltools.arm-none.win32_1.7.0.201602121829/tools/compiler/bin/../lib/gcc/arm-none-eabi/5.2.1/../../../../arm-none-eabi/lib/armv7-m\libc.a(lib_a-freer.o)
                0x080067f4                _free_r
 .text._fwalk_reent
                0x080069c4       0x50 c:/ac62/systemworkbench/plugins/fr.ac6.mcu.externaltools.arm-none.win32_1.7.0.201602121829/tools/compiler/bin/../lib/gcc/arm-none-eabi/5.2.1/../../../../arm-none-eabi/lib/armv7-m\libc.a(lib_a-fwalk.o)
                0x080069c4                _fwalk_reent
 .text.__locale_charset
                0x08006a14        0x8 c:/ac62/systemworkbench/plugins/fr.ac6.mcu.externaltools.arm-none.win32_1.7.0.201602121829/tools/compiler/bin/../lib/gcc/arm-none-eabi/5.2.1/../../../../arm-none-eabi/lib/armv7-m\libc.a(lib_a-locale.o)
                0x08006a14                __locale_charset
 .text.__locale_mb_cur_max
                0x08006a1c        0xc c:/ac62/systemworkbench/plugins/fr.ac6.mcu.externaltools.arm-none.win32_1.7.0.201602121829/tools/compiler/bin/../lib/gcc/arm-none-eabi/5.2.1/../../../../arm-none-eabi/lib/armv7-m\libc.a(lib_a-locale.o)
                0x08006a1c                __locale_mb_cur_max
 .text._localeconv_r
                0x08006a28        0x8 c:/ac62/systemworkbench/plugins/fr.ac6.mcu.externaltools.arm-none.win32_1.7.0.201602121829/tools/compiler/bin/../lib/gcc/arm-none-eabi/5.2.1/../../../../arm-none-eabi/lib/armv7-m\libc.a(lib_a-locale.o)
                0x08006a28                _localeconv_r
 .text.__smakebuf_r
                0x08006a30       0xe0 c:/ac62/systemworkbench/plugins/fr.ac6.mcu.externaltools.arm-none.win32_1.7.0.201602121829/tools/compiler/bin/../lib/gcc/arm-none-eabi/5.2.1/../../../../arm-none-eabi/lib/armv7-m\libc.a(lib_a-makebuf.o)
                0x08006a30                __smakebuf_r
 .text._malloc_r
                0x08006b10      0x558 c:/ac62/systemworkbench/plugins/fr.ac6.mcu.externaltools.arm-none.win32_1.7.0.201602121829/tools/compiler/bin/../lib/gcc/arm-none-eabi/5.2.1/../../../../arm-none-eabi/lib/armv7-m\libc.a(lib_a-mallocr.o)
                0x08006b10                _malloc_r
 .text.memchr   0x08007068       0x8c c:/ac62/systemworkbench/plugins/fr.ac6.mcu.externaltools.arm-none.win32_1.7.0.201602121829/tools/compiler/bin/../lib/gcc/arm-none-eabi/5.2.1/../../../../arm-none-eabi/lib/armv7-m\libc.a(lib_a-memchr-stub.o)
                0x08007068                memchr
 .text.__malloc_lock
                0x080070f4        0x4 c:/ac62/systemworkbench/plugins/fr.ac6.mcu.externaltools.arm-none.win32_1.7.0.201602121829/tools/compiler/bin/../lib/gcc/arm-none-eabi/5.2.1/../../../../arm-none-eabi/lib/armv7-m\libc.a(lib_a-mlock.o)
                0x080070f4                __malloc_lock
 .text.__malloc_unlock
                0x080070f8        0x4 c:/ac62/systemworkbench/plugins/fr.ac6.mcu.externaltools.arm-none.win32_1.7.0.201602121829/tools/compiler/bin/../lib/gcc/arm-none-eabi/5.2.1/../../../../arm-none-eabi/lib/armv7-m\libc.a(lib_a-mlock.o)
                0x080070f8                __malloc_unlock
 .text._Balloc  0x080070fc       0x50 c:/ac62/systemworkbench/plugins/fr.ac6.mcu.externaltools.arm-none.win32_1.7.0.201602121829/tools/compiler/bin/../lib/gcc/arm-none-eabi/5.2.1/../../../../arm-none-eabi/lib/armv7-m\libc.a(lib_a-mprec.o)
                0x080070fc                _Balloc
 .text._Bfree   0x0800714c       0x14 c:/ac62/systemworkbench/plugins/fr.ac6.mcu.externaltools.arm-none.win32_1.7.0.201602121829/tools/compiler/bin/../lib/gcc/arm-none-eabi/5.2.1/../../../../arm-none-eabi/lib/armv7-m\libc.a(lib_a-mprec.o)
                0x0800714c                _Bfree
 .text.__multadd
                0x08007160       0x80 c:/ac62/systemworkbench/plugins/fr.ac6.mcu.externaltools.arm-none.win32_1.7.0.201602121829/tools/compiler/bin/../lib/gcc/arm-none-eabi/5.2.1/../../../../arm-none-eabi/lib/armv7-m\libc.a(lib_a-mprec.o)
                0x08007160                __multadd
 .text.__hi0bits
                0x080071e0       0x40 c:/ac62/systemworkbench/plugins/fr.ac6.mcu.externaltools.arm-none.win32_1.7.0.201602121829/tools/compiler/bin/../lib/gcc/arm-none-eabi/5.2.1/../../../../arm-none-eabi/lib/armv7-m\libc.a(lib_a-mprec.o)
                0x080071e0                __hi0bits
 .text.__lo0bits
                0x08007220       0x5c c:/ac62/systemworkbench/plugins/fr.ac6.mcu.externaltools.arm-none.win32_1.7.0.201602121829/tools/compiler/bin/../lib/gcc/arm-none-eabi/5.2.1/../../../../arm-none-eabi/lib/armv7-m\libc.a(lib_a-mprec.o)
                0x08007220                __lo0bits
 .text.__i2b    0x0800727c       0x14 c:/ac62/systemworkbench/plugins/fr.ac6.mcu.externaltools.arm-none.win32_1.7.0.201602121829/tools/compiler/bin/../lib/gcc/arm-none-eabi/5.2.1/../../../../arm-none-eabi/lib/armv7-m\libc.a(lib_a-mprec.o)
                0x0800727c                __i2b
 .text.__multiply
                0x08007290      0x13c c:/ac62/systemworkbench/plugins/fr.ac6.mcu.externaltools.arm-none.win32_1.7.0.201602121829/tools/compiler/bin/../lib/gcc/arm-none-eabi/5.2.1/../../../../arm-none-eabi/lib/armv7-m\libc.a(lib_a-mprec.o)
                0x08007290                __multiply
 .text.__pow5mult
                0x080073cc       0xa0 c:/ac62/systemworkbench/plugins/fr.ac6.mcu.externaltools.arm-none.win32_1.7.0.201602121829/tools/compiler/bin/../lib/gcc/arm-none-eabi/5.2.1/../../../../arm-none-eabi/lib/armv7-m\libc.a(lib_a-mprec.o)
                0x080073cc                __pow5mult
 .text.__lshift
                0x0800746c       0xac c:/ac62/systemworkbench/plugins/fr.ac6.mcu.externaltools.arm-none.win32_1.7.0.201602121829/tools/compiler/bin/../lib/gcc/arm-none-eabi/5.2.1/../../../../arm-none-eabi/lib/armv7-m\libc.a(lib_a-mprec.o)
                0x0800746c                __lshift
 .text.__mcmp   0x08007518       0x40 c:/ac62/systemworkbench/plugins/fr.ac6.mcu.externaltools.arm-none.win32_1.7.0.201602121829/tools/compiler/bin/../lib/gcc/arm-none-eabi/5.2.1/../../../../arm-none-eabi/lib/armv7-m\libc.a(lib_a-mprec.o)
                0x08007518                __mcmp
 .text.__mdiff  0x08007558      0x128 c:/ac62/systemworkbench/plugins/fr.ac6.mcu.externaltools.arm-none.win32_1.7.0.201602121829/tools/compiler/bin/../lib/gcc/arm-none-eabi/5.2.1/../../../../arm-none-eabi/lib/armv7-m\libc.a(lib_a-mprec.o)
                0x08007558                __mdiff
 .text.__d2b    0x08007680       0xa8 c:/ac62/systemworkbench/plugins/fr.ac6.mcu.externaltools.arm-none.win32_1.7.0.201602121829/tools/compiler/bin/../lib/gcc/arm-none-eabi/5.2.1/../../../../arm-none-eabi/lib/armv7-m\libc.a(lib_a-mprec.o)
                0x08007680                __d2b
 .text.__fpclassifyd
                0x08007728       0x54 c:/ac62/systemworkbench/plugins/fr.ac6.mcu.externaltools.arm-none.win32_1.7.0.201602121829/tools/compiler/bin/../lib/gcc/arm-none-eabi/5.2.1/../../../../arm-none-eabi/lib/armv7-m\libc.a(lib_a-s_fpclassify.o)
                0x08007728                __fpclassifyd
 .text._sbrk_r  0x0800777c       0x24 c:/ac62/systemworkbench/plugins/fr.ac6.mcu.externaltools.arm-none.win32_1.7.0.201602121829/tools/compiler/bin/../lib/gcc/arm-none-eabi/5.2.1/../../../../arm-none-eabi/lib/armv7-m\libc.a(lib_a-sbrkr.o)
                0x0800777c                _sbrk_r
 .text.__sread  0x080077a0       0x24 c:/ac62/systemworkbench/plugins/fr.ac6.mcu.externaltools.arm-none.win32_1.7.0.201602121829/tools/compiler/bin/../lib/gcc/arm-none-eabi/5.2.1/../../../../arm-none-eabi/lib/armv7-m\libc.a(lib_a-stdio.o)
                0x080077a0                __sread
 .text.__swrite
                0x080077c4       0x38 c:/ac62/systemworkbench/plugins/fr.ac6.mcu.externaltools.arm-none.win32_1.7.0.201602121829/tools/compiler/bin/../lib/gcc/arm-none-eabi/5.2.1/../../../../arm-none-eabi/lib/armv7-m\libc.a(lib_a-stdio.o)
                0x080077c4                __swrite
 .text.__sseek  0x080077fc       0x20 c:/ac62/systemworkbench/plugins/fr.ac6.mcu.externaltools.arm-none.win32_1.7.0.201602121829/tools/compiler/bin/../lib/gcc/arm-none-eabi/5.2.1/../../../../arm-none-eabi/lib/armv7-m\libc.a(lib_a-stdio.o)
                0x080077fc                __sseek
 .text.__sclose
                0x0800781c        0x8 c:/ac62/systemworkbench/plugins/fr.ac6.mcu.externaltools.arm-none.win32_1.7.0.201602121829/tools/compiler/bin/../lib/gcc/arm-none-eabi/5.2.1/../../../../arm-none-eabi/lib/armv7-m\libc.a(lib_a-stdio.o)
                0x0800781c                __sclose
 .text.strlen   0x08007824       0x5c c:/ac62/systemworkbench/plugins/fr.ac6.mcu.externaltools.arm-none.win32_1.7.0.201602121829/tools/compiler/bin/../lib/gcc/arm-none-eabi/5.2.1/../../../../arm-none-eabi/lib/armv7-m\libc.a(lib_a-strlen-stub.o)
                0x08007824                strlen
 .text.__sprint_r.part.0
                0x08007880       0x78 c:/ac62/systemworkbench/plugins/fr.ac6.mcu.externaltools.arm-none.win32_1.7.0.201602121829/tools/compiler/bin/../lib/gcc/arm-none-eabi/5.2.1/../../../../arm-none-eabi/lib/armv7-m\libc.a(lib_a-vfiprintf.o)
 .text.__sprint_r
                0x080078f8       0x14 c:/ac62/systemworkbench/plugins/fr.ac6.mcu.externaltools.arm-none.win32_1.7.0.201602121829/tools/compiler/bin/../lib/gcc/arm-none-eabi/5.2.1/../../../../arm-none-eabi/lib/armv7-m\libc.a(lib_a-vfiprintf.o)
                0x080078f8                __sprint_r
 .text._write_r
                0x0800790c       0x2c c:/ac62/systemworkbench/plugins/fr.ac6.mcu.externaltools.arm-none.win32_1.7.0.201602121829/tools/compiler/bin/../lib/gcc/arm-none-eabi/5.2.1/../../../../arm-none-eabi/lib/armv7-m\libc.a(lib_a-writer.o)
                0x0800790c                _write_r
 .text.__register_exitproc
                0x08007938       0xa4 c:/ac62/systemworkbench/plugins/fr.ac6.mcu.externaltools.arm-none.win32_1.7.0.201602121829/tools/compiler/bin/../lib/gcc/arm-none-eabi/5.2.1/../../../../arm-none-eabi/lib/armv7-m\libc.a(lib_a-__atexit.o)
                0x08007938                __register_exitproc
 .text._calloc_r
                0x080079dc       0x60 c:/ac62/systemworkbench/plugins/fr.ac6.mcu.externaltools.arm-none.win32_1.7.0.201602121829/tools/compiler/bin/../lib/gcc/arm-none-eabi/5.2.1/../../../../arm-none-eabi/lib/armv7-m\libc.a(lib_a-callocr.o)
                0x080079dc                _calloc_r
 .text._close_r
                0x08007a3c       0x24 c:/ac62/systemworkbench/plugins/fr.ac6.mcu.externaltools.arm-none.win32_1.7.0.201602121829/tools/compiler/bin/../lib/gcc/arm-none-eabi/5.2.1/../../../../arm-none-eabi/lib/armv7-m\libc.a(lib_a-closer.o)
                0x08007a3c                _close_r
 .text._fclose_r
                0x08007a60       0x84 c:/ac62/systemworkbench/plugins/fr.ac6.mcu.externaltools.arm-none.win32_1.7.0.201602121829/tools/compiler/bin/../lib/gcc/arm-none-eabi/5.2.1/../../../../arm-none-eabi/lib/armv7-m\libc.a(lib_a-fclose.o)
                0x08007a60                _fclose_r
 .text.__fputwc
                0x08007ae4       0xb0 c:/ac62/systemworkbench/plugins/fr.ac6.mcu.externaltools.arm-none.win32_1.7.0.201602121829/tools/compiler/bin/../lib/gcc/arm-none-eabi/5.2.1/../../../../arm-none-eabi/lib/armv7-m\libc.a(lib_a-fputwc.o)
                0x08007ae4                __fputwc
 .text._fputwc_r
                0x08007b94       0x24 c:/ac62/systemworkbench/plugins/fr.ac6.mcu.externaltools.arm-none.win32_1.7.0.201602121829/tools/compiler/bin/../lib/gcc/arm-none-eabi/5.2.1/../../../../arm-none-eabi/lib/armv7-m\libc.a(lib_a-fputwc.o)
                0x08007b94                _fputwc_r
 .text._fstat_r
                0x08007bb8       0x28 c:/ac62/systemworkbench/plugins/fr.ac6.mcu.externaltools.arm-none.win32_1.7.0.201602121829/tools/compiler/bin/../lib/gcc/arm-none-eabi/5.2.1/../../../../arm-none-eabi/lib/armv7-m\libc.a(lib_a-fstatr.o)
                0x08007bb8                _fstat_r
 .text.__sfvwrite_r
                0x08007be0      0x304 c:/ac62/systemworkbench/plugins/fr.ac6.mcu.externaltools.arm-none.win32_1.7.0.201602121829/tools/compiler/bin/../lib/gcc/arm-none-eabi/5.2.1/../../../../arm-none-eabi/lib/armv7-m\libc.a(lib_a-fvwrite.o)
                0x08007be0                __sfvwrite_r
 .text._isatty_r
                0x08007ee4       0x24 c:/ac62/systemworkbench/plugins/fr.ac6.mcu.externaltools.arm-none.win32_1.7.0.201602121829/tools/compiler/bin/../lib/gcc/arm-none-eabi/5.2.1/../../../../arm-none-eabi/lib/armv7-m\libc.a(lib_a-isattyr.o)
                0x08007ee4                _isatty_r
 .text._lseek_r
                0x08007f08       0x2c c:/ac62/systemworkbench/plugins/fr.ac6.mcu.externaltools.arm-none.win32_1.7.0.201602121829/tools/compiler/bin/../lib/gcc/arm-none-eabi/5.2.1/../../../../arm-none-eabi/lib/armv7-m\libc.a(lib_a-lseekr.o)
                0x08007f08                _lseek_r
 .text.memmove  0x08007f34       0xc8 c:/ac62/systemworkbench/plugins/fr.ac6.mcu.externaltools.arm-none.win32_1.7.0.201602121829/tools/compiler/bin/../lib/gcc/arm-none-eabi/5.2.1/../../../../arm-none-eabi/lib/armv7-m\libc.a(lib_a-memmove.o)
                0x08007f34                memmove
 .text._read_r  0x08007ffc       0x2c c:/ac62/systemworkbench/plugins/fr.ac6.mcu.externaltools.arm-none.win32_1.7.0.201602121829/tools/compiler/bin/../lib/gcc/arm-none-eabi/5.2.1/../../../../arm-none-eabi/lib/armv7-m\libc.a(lib_a-readr.o)
                0x08007ffc                _read_r
 .text._realloc_r
                0x08008028      0x3d4 c:/ac62/systemworkbench/plugins/fr.ac6.mcu.externaltools.arm-none.win32_1.7.0.201602121829/tools/compiler/bin/../lib/gcc/arm-none-eabi/5.2.1/../../../../arm-none-eabi/lib/armv7-m\libc.a(lib_a-reallocr.o)
                0x08008028                _realloc_r
 .text.__swbuf_r
                0x080083fc       0xa8 c:/ac62/systemworkbench/plugins/fr.ac6.mcu.externaltools.arm-none.win32_1.7.0.201602121829/tools/compiler/bin/../lib/gcc/arm-none-eabi/5.2.1/../../../../arm-none-eabi/lib/armv7-m\libc.a(lib_a-wbuf.o)
                0x080083fc                __swbuf_r
 .text._wcrtomb_r
                0x080084a4       0x54 c:/ac62/systemworkbench/plugins/fr.ac6.mcu.externaltools.arm-none.win32_1.7.0.201602121829/tools/compiler/bin/../lib/gcc/arm-none-eabi/5.2.1/../../../../arm-none-eabi/lib/armv7-m\libc.a(lib_a-wcrtomb.o)
                0x080084a4                _wcrtomb_r
 .text.__ascii_wctomb
                0x080084f8       0x1c c:/ac62/systemworkbench/plugins/fr.ac6.mcu.externaltools.arm-none.win32_1.7.0.201602121829/tools/compiler/bin/../lib/gcc/arm-none-eabi/5.2.1/../../../../arm-none-eabi/lib/armv7-m\libc.a(lib_a-wctomb_r.o)
                0x080084f8                __ascii_wctomb
 *(.glue_7)
 .glue_7        0x08008514        0x0 linker stubs
 *(.glue_7t)
 .glue_7t       0x08008514        0x0 linker stubs
 *(.eh_frame)
 .eh_frame      0x08008514        0x0 c:/ac62/systemworkbench/plugins/fr.ac6.mcu.externaltools.arm-none.win32_1.7.0.201602121829/tools/compiler/bin/../lib/gcc/arm-none-eabi/5.2.1/armv7-m/crtbegin.o
 *(.init)
 .init          0x08008514        0x4 c:/ac62/systemworkbench/plugins/fr.ac6.mcu.externaltools.arm-none.win32_1.7.0.201602121829/tools/compiler/bin/../lib/gcc/arm-none-eabi/5.2.1/armv7-m/crti.o
                0x08008514                _init
 .init          0x08008518        0x8 c:/ac62/systemworkbench/plugins/fr.ac6.mcu.externaltools.arm-none.win32_1.7.0.201602121829/tools/compiler/bin/../lib/gcc/arm-none-eabi/5.2.1/armv7-m/crtn.o
 *(.fini)
 .fini          0x08008520        0x4 c:/ac62/systemworkbench/plugins/fr.ac6.mcu.externaltools.arm-none.win32_1.7.0.201602121829/tools/compiler/bin/../lib/gcc/arm-none-eabi/5.2.1/armv7-m/crti.o
                0x08008520                _fini
 .fini          0x08008524        0x8 c:/ac62/systemworkbench/plugins/fr.ac6.mcu.externaltools.arm-none.win32_1.7.0.201602121829/tools/compiler/bin/../lib/gcc/arm-none-eabi/5.2.1/armv7-m/crtn.o
                0x0800852c                . = ALIGN (0x4)
                0x0800852c                _etext = .

.vfp11_veneer   0x0800852c        0x0
 .vfp11_veneer  0x0800852c        0x0 linker stubs

.v4_bx          0x0800852c        0x0
 .v4_bx         0x0800852c        0x0 linker stubs

.iplt           0x0800852c        0x0
 .iplt          0x0800852c        0x0 c:/ac62/systemworkbench/plugins/fr.ac6.mcu.externaltools.arm-none.win32_1.7.0.201602121829/tools/compiler/bin/../lib/gcc/arm-none-eabi/5.2.1/armv7-m/crtbegin.o

.rodata         0x08008530      0x1c0
                0x08008530                . = ALIGN (0x4)
 *(.rodata)
 .rodata        0x08008530       0x37 src/main.o
                0x08008530                angle_constant
                0x08008534                position_constant
                0x08008538                velocity_constant
 *(.rodata*)
 *fill*         0x08008567        0x1 
 .rodata.str1.4
                0x08008568        0x2 c:/ac62/systemworkbench/plugins/fr.ac6.mcu.externaltools.arm-none.win32_1.7.0.201602121829/tools/compiler/bin/../lib/gcc/arm-none-eabi/5.2.1/../../../../arm-none-eabi/lib/armv7-m\libc.a(lib_a-impure.o)
 *fill*         0x0800856a        0x2 
 .rodata._global_impure_ptr
                0x0800856c        0x4 c:/ac62/systemworkbench/plugins/fr.ac6.mcu.externaltools.arm-none.win32_1.7.0.201602121829/tools/compiler/bin/../lib/gcc/arm-none-eabi/5.2.1/../../../../arm-none-eabi/lib/armv7-m\libc.a(lib_a-impure.o)
                0x0800856c                _global_impure_ptr
 .rodata.zeroes.7023
                0x08008570       0x10 c:/ac62/systemworkbench/plugins/fr.ac6.mcu.externaltools.arm-none.win32_1.7.0.201602121829/tools/compiler/bin/../lib/gcc/arm-none-eabi/5.2.1/../../../../arm-none-eabi/lib/armv7-m\libc.a(lib_a-vfprintf.o)
 .rodata.blanks.7022
                0x08008580       0x10 c:/ac62/systemworkbench/plugins/fr.ac6.mcu.externaltools.arm-none.win32_1.7.0.201602121829/tools/compiler/bin/../lib/gcc/arm-none-eabi/5.2.1/../../../../arm-none-eabi/lib/armv7-m\libc.a(lib_a-vfprintf.o)
 .rodata.str1.4
                0x08008590       0x42 c:/ac62/systemworkbench/plugins/fr.ac6.mcu.externaltools.arm-none.win32_1.7.0.201602121829/tools/compiler/bin/../lib/gcc/arm-none-eabi/5.2.1/../../../../arm-none-eabi/lib/armv7-m\libc.a(lib_a-vfprintf.o)
 *fill*         0x080085d2        0x2 
 .rodata.str1.4
                0x080085d4       0x10 c:/ac62/systemworkbench/plugins/fr.ac6.mcu.externaltools.arm-none.win32_1.7.0.201602121829/tools/compiler/bin/../lib/gcc/arm-none-eabi/5.2.1/../../../../arm-none-eabi/lib/armv7-m\libc.a(lib_a-dtoa.o)
                                 0x12 (size before relaxing)
 .rodata.str1.4
                0x080085e4        0xc c:/ac62/systemworkbench/plugins/fr.ac6.mcu.externaltools.arm-none.win32_1.7.0.201602121829/tools/compiler/bin/../lib/gcc/arm-none-eabi/5.2.1/../../../../arm-none-eabi/lib/armv7-m\libc.a(lib_a-locale.o)
                                 0x12 (size before relaxing)
 .rodata.p05.5402
                0x080085f0        0xc c:/ac62/systemworkbench/plugins/fr.ac6.mcu.externaltools.arm-none.win32_1.7.0.201602121829/tools/compiler/bin/../lib/gcc/arm-none-eabi/5.2.1/../../../../arm-none-eabi/lib/armv7-m\libc.a(lib_a-mprec.o)
 *fill*         0x080085fc        0x4 
 .rodata.__mprec_tens
                0x08008600       0xc8 c:/ac62/systemworkbench/plugins/fr.ac6.mcu.externaltools.arm-none.win32_1.7.0.201602121829/tools/compiler/bin/../lib/gcc/arm-none-eabi/5.2.1/../../../../arm-none-eabi/lib/armv7-m\libc.a(lib_a-mprec.o)
                0x08008600                __mprec_tens
 .rodata.__mprec_bigtens
                0x080086c8       0x28 c:/ac62/systemworkbench/plugins/fr.ac6.mcu.externaltools.arm-none.win32_1.7.0.201602121829/tools/compiler/bin/../lib/gcc/arm-none-eabi/5.2.1/../../../../arm-none-eabi/lib/armv7-m\libc.a(lib_a-mprec.o)
                0x080086c8                __mprec_bigtens
                0x080086f0                . = ALIGN (0x4)

.ARM.extab
 *(.ARM.extab* .gnu.linkonce.armextab.*)

.ARM            0x080086f0        0x8
                0x080086f0                __exidx_start = .
 *(.ARM.exidx*)
 .ARM.exidx     0x080086f0        0x8 c:/ac62/systemworkbench/plugins/fr.ac6.mcu.externaltools.arm-none.win32_1.7.0.201602121829/tools/compiler/bin/../lib/gcc/arm-none-eabi/5.2.1/armv7-m\libgcc.a(_udivmoddi4.o)
                0x080086f8                __exidx_end = .

.rel.dyn        0x080086f8        0x0
 .rel.iplt      0x080086f8        0x0 c:/ac62/systemworkbench/plugins/fr.ac6.mcu.externaltools.arm-none.win32_1.7.0.201602121829/tools/compiler/bin/../lib/gcc/arm-none-eabi/5.2.1/armv7-m/crtbegin.o

.preinit_array  0x080086f8        0x0
                0x080086f8                PROVIDE (__preinit_array_start, .)
 *(.preinit_array*)
                0x080086f8                PROVIDE (__preinit_array_end, .)

.init_array     0x080086f8        0x8
                0x080086f8                PROVIDE (__init_array_start, .)
 *(SORT(.init_array.*))
 .init_array.00000
                0x080086f8        0x4 c:/ac62/systemworkbench/plugins/fr.ac6.mcu.externaltools.arm-none.win32_1.7.0.201602121829/tools/compiler/bin/../lib/gcc/arm-none-eabi/5.2.1/../../../../arm-none-eabi/lib/armv7-m\libc.a(lib_a-__call_atexit.o)
 *(.init_array*)
 .init_array    0x080086fc        0x4 c:/ac62/systemworkbench/plugins/fr.ac6.mcu.externaltools.arm-none.win32_1.7.0.201602121829/tools/compiler/bin/../lib/gcc/arm-none-eabi/5.2.1/armv7-m/crtbegin.o
                0x08008700                PROVIDE (__init_array_end, .)

.fini_array     0x08008700        0x4
                0x08008700                PROVIDE (__fini_array_start, .)
 *(SORT(.fini_array.*))
 *(.fini_array*)
 .fini_array    0x08008700        0x4 c:/ac62/systemworkbench/plugins/fr.ac6.mcu.externaltools.arm-none.win32_1.7.0.201602121829/tools/compiler/bin/../lib/gcc/arm-none-eabi/5.2.1/armv7-m/crtbegin.o
                0x08008704                PROVIDE (__fini_array_end, .)
                0x08008704                _sidata = LOADADDR (.data)

.data           0x20000000      0x8dc load address 0x08008704
                0x20000000                . = ALIGN (0x4)
                0x20000000                _sdata = .
 *(.data)
 .data          0x20000000       0x14 StdPeriph_Driver/src/stm32f10x_rcc.o
 .data          0x20000014       0x14 src/main.o
                0x20000014                kp
                0x20000018                ki
                0x2000001c                kd
                0x20000020                kA
                0x20000024                kB
 .data          0x20000028       0x14 src/system_stm32f10x.o
                0x20000028                SystemCoreClock
                0x2000002c                AHBPrescTable
 *(.data*)
 *fill*         0x2000003c        0x4 
 .data.impure_data
                0x20000040      0x428 c:/ac62/systemworkbench/plugins/fr.ac6.mcu.externaltools.arm-none.win32_1.7.0.201602121829/tools/compiler/bin/../lib/gcc/arm-none-eabi/5.2.1/../../../../arm-none-eabi/lib/armv7-m\libc.a(lib_a-impure.o)
 .data._impure_ptr
                0x20000468        0x4 c:/ac62/systemworkbench/plugins/fr.ac6.mcu.externaltools.arm-none.win32_1.7.0.201602121829/tools/compiler/bin/../lib/gcc/arm-none-eabi/5.2.1/../../../../arm-none-eabi/lib/armv7-m\libc.a(lib_a-impure.o)
                0x20000468                _impure_ptr
 .data.lconv    0x2000046c       0x38 c:/ac62/systemworkbench/plugins/fr.ac6.mcu.externaltools.arm-none.win32_1.7.0.201602121829/tools/compiler/bin/../lib/gcc/arm-none-eabi/5.2.1/../../../../arm-none-eabi/lib/armv7-m\libc.a(lib_a-locale.o)
 .data.lc_ctype_charset
                0x200004a4       0x20 c:/ac62/systemworkbench/plugins/fr.ac6.mcu.externaltools.arm-none.win32_1.7.0.201602121829/tools/compiler/bin/../lib/gcc/arm-none-eabi/5.2.1/../../../../arm-none-eabi/lib/armv7-m\libc.a(lib_a-locale.o)
 .data.__mb_cur_max
                0x200004c4        0x4 c:/ac62/systemworkbench/plugins/fr.ac6.mcu.externaltools.arm-none.win32_1.7.0.201602121829/tools/compiler/bin/../lib/gcc/arm-none-eabi/5.2.1/../../../../arm-none-eabi/lib/armv7-m\libc.a(lib_a-locale.o)
                0x200004c4                __mb_cur_max
 .data.__malloc_av_
                0x200004c8      0x408 c:/ac62/systemworkbench/plugins/fr.ac6.mcu.externaltools.arm-none.win32_1.7.0.201602121829/tools/compiler/bin/../lib/gcc/arm-none-eabi/5.2.1/../../../../arm-none-eabi/lib/armv7-m\libc.a(lib_a-mallocr.o)
                0x200004c8                __malloc_av_
 .data.__malloc_trim_threshold
                0x200008d0        0x4 c:/ac62/systemworkbench/plugins/fr.ac6.mcu.externaltools.arm-none.win32_1.7.0.201602121829/tools/compiler/bin/../lib/gcc/arm-none-eabi/5.2.1/../../../../arm-none-eabi/lib/armv7-m\libc.a(lib_a-mallocr.o)
                0x200008d0                __malloc_trim_threshold
 .data.__malloc_sbrk_base
                0x200008d4        0x4 c:/ac62/systemworkbench/plugins/fr.ac6.mcu.externaltools.arm-none.win32_1.7.0.201602121829/tools/compiler/bin/../lib/gcc/arm-none-eabi/5.2.1/../../../../arm-none-eabi/lib/armv7-m\libc.a(lib_a-mallocr.o)
                0x200008d4                __malloc_sbrk_base
 .data.__wctomb
                0x200008d8        0x4 c:/ac62/systemworkbench/plugins/fr.ac6.mcu.externaltools.arm-none.win32_1.7.0.201602121829/tools/compiler/bin/../lib/gcc/arm-none-eabi/5.2.1/../../../../arm-none-eabi/lib/armv7-m\libc.a(lib_a-wctomb_r.o)
                0x200008d8                __wctomb
                0x200008dc                . = ALIGN (0x4)
                0x200008dc                _edata = .

.jcr            0x200008dc        0x0 load address 0x08008fe0
 .jcr           0x200008dc        0x0 c:/ac62/systemworkbench/plugins/fr.ac6.mcu.externaltools.arm-none.win32_1.7.0.201602121829/tools/compiler/bin/../lib/gcc/arm-none-eabi/5.2.1/armv7-m/crtbegin.o

.tm_clone_table
                0x200008dc        0x0 load address 0x08008fe0
 .tm_clone_table
                0x200008dc        0x0 c:/ac62/systemworkbench/plugins/fr.ac6.mcu.externaltools.arm-none.win32_1.7.0.201602121829/tools/compiler/bin/../lib/gcc/arm-none-eabi/5.2.1/armv7-m/crtbegin.o
 .tm_clone_table
                0x200008dc        0x0 c:/ac62/systemworkbench/plugins/fr.ac6.mcu.externaltools.arm-none.win32_1.7.0.201602121829/tools/compiler/bin/../lib/gcc/arm-none-eabi/5.2.1/armv7-m/crtend.o

.igot.plt       0x200008dc        0x0 load address 0x08008fe0
 .igot.plt      0x200008dc        0x0 c:/ac62/systemworkbench/plugins/fr.ac6.mcu.externaltools.arm-none.win32_1.7.0.201602121829/tools/compiler/bin/../lib/gcc/arm-none-eabi/5.2.1/armv7-m/crtbegin.o
                0x200008dc                . = ALIGN (0x4)

.bss            0x200008dc       0xd0 load address 0x08008fe0
                0x200008dc                _sbss = .
                0x200008dc                __bss_start__ = _sbss
 *(.bss)
 .bss           0x200008dc       0x1c c:/ac62/systemworkbench/plugins/fr.ac6.mcu.externaltools.arm-none.win32_1.7.0.201602121829/tools/compiler/bin/../lib/gcc/arm-none-eabi/5.2.1/armv7-m/crtbegin.o
 .bss           0x200008f8       0x14 src/main.o
                0x200008f8                filtered_angle
                0x200008fc                filtered_acc
 .bss           0x2000090c        0x8 src/syscalls.o
                0x2000090c                __env
 *(.bss*)
 .bss.__malloc_max_total_mem
                0x20000914        0x4 c:/ac62/systemworkbench/plugins/fr.ac6.mcu.externaltools.arm-none.win32_1.7.0.201602121829/tools/compiler/bin/../lib/gcc/arm-none-eabi/5.2.1/../../../../arm-none-eabi/lib/armv7-m\libc.a(lib_a-mallocr.o)
                0x20000914                __malloc_max_total_mem
 .bss.__malloc_max_sbrked_mem
                0x20000918        0x4 c:/ac62/systemworkbench/plugins/fr.ac6.mcu.externaltools.arm-none.win32_1.7.0.201602121829/tools/compiler/bin/../lib/gcc/arm-none-eabi/5.2.1/../../../../arm-none-eabi/lib/armv7-m\libc.a(lib_a-mallocr.o)
                0x20000918                __malloc_max_sbrked_mem
 .bss.__malloc_top_pad
                0x2000091c        0x4 c:/ac62/systemworkbench/plugins/fr.ac6.mcu.externaltools.arm-none.win32_1.7.0.201602121829/tools/compiler/bin/../lib/gcc/arm-none-eabi/5.2.1/../../../../arm-none-eabi/lib/armv7-m\libc.a(lib_a-mallocr.o)
                0x2000091c                __malloc_top_pad
 .bss.__malloc_current_mallinfo
                0x20000920       0x28 c:/ac62/systemworkbench/plugins/fr.ac6.mcu.externaltools.arm-none.win32_1.7.0.201602121829/tools/compiler/bin/../lib/gcc/arm-none-eabi/5.2.1/../../../../arm-none-eabi/lib/armv7-m\libc.a(lib_a-mallocr.o)
                0x20000920                __malloc_current_mallinfo
 *(COMMON)
 COMMON         0x20000948       0x60 src/main.o
                0x20000948                l_cnt_flag_backward
                0x20000949                velocity_flag
                0x2000094c                timer_ms
                0x20000950                r_encoder_counter
                0x20000954                uart_flag
                0x20000955                l_cnt_flag_forward
                0x20000958                l_encoder_counter
                0x2000095c                measuredData
                0x20000990                gyro
                0x2000099c                mpu_flag
                0x2000099d                r_cnt_flag_backward
                0x2000099e                r_cnt_flag_forward
                0x200009a0                robot_velocity_ref
                0x200009a2                robot_direction_ref
                0x200009a4                global_time_ms
 COMMON         0x200009a8        0x4 c:/ac62/systemworkbench/plugins/fr.ac6.mcu.externaltools.arm-none.win32_1.7.0.201602121829/tools/compiler/bin/../lib/gcc/arm-none-eabi/5.2.1/../../../../arm-none-eabi/lib/armv7-m\libc.a(lib_a-reent.o)
                0x200009a8                errno
                0x200009ac                . = ALIGN (0x4)
                0x200009ac                _ebss = .
                0x200009ac                __bss_end__ = _ebss

._user_heap_stack
                0x200009ac      0x104 load address 0x08008fe0
                0x200009b0                . = ALIGN (0x8)
 *fill*         0x200009ac        0x4 
                0x200009b0                PROVIDE (end, .)
                [!provide]                PROVIDE (_end, .)
                0x200009b0                . = (. + _Min_Heap_Size)
                0x20000ab0                . = (. + _Min_Stack_Size)
 *fill*         0x200009b0      0x100 
                0x20000ab0                . = ALIGN (0x8)

.memory_b1_text
 *(.mb1text)
 *(.mb1text*)
 *(.mb1rodata)
 *(.mb1rodata*)

/DISCARD/
 libc.a(*)
 libm.a(*)
 libgcc.a(*)

.ARM.attributes
                0x00000000       0x29
 *(.ARM.attributes)
 .ARM.attributes
                0x00000000       0x1d c:/ac62/systemworkbench/plugins/fr.ac6.mcu.externaltools.arm-none.win32_1.7.0.201602121829/tools/compiler/bin/../lib/gcc/arm-none-eabi/5.2.1/armv7-m/crti.o
 .ARM.attributes
                0x0000001d       0x2d c:/ac62/systemworkbench/plugins/fr.ac6.mcu.externaltools.arm-none.win32_1.7.0.201602121829/tools/compiler/bin/../lib/gcc/arm-none-eabi/5.2.1/armv7-m/crtbegin.o
 .ARM.attributes
                0x0000004a       0x33 StdPeriph_Driver/src/misc.o
 .ARM.attributes
                0x0000007d       0x33 StdPeriph_Driver/src/stm32f10x_exti.o
 .ARM.attributes
                0x000000b0       0x33 StdPeriph_Driver/src/stm32f10x_gpio.o
 .ARM.attributes
                0x000000e3       0x33 StdPeriph_Driver/src/stm32f10x_i2c.o
 .ARM.attributes
                0x00000116       0x33 StdPeriph_Driver/src/stm32f10x_rcc.o
 .ARM.attributes
                0x00000149       0x33 StdPeriph_Driver/src/stm32f10x_tim.o
 .ARM.attributes
                0x0000017c       0x33 StdPeriph_Driver/src/stm32f10x_usart.o
 .ARM.attributes
                0x000001af       0x33 src/MPU6050.o
 .ARM.attributes
                0x000001e2       0x33 src/esp8266.o
 .ARM.attributes
                0x00000215       0x33 src/main.o
 .ARM.attributes
                0x00000248       0x33 src/syscalls.o
 .ARM.attributes
                0x0000027b       0x33 src/system_stm32f10x.o
 .ARM.attributes
                0x000002ae       0x21 startup/startup_stm32f10x_md.o
 .ARM.attributes
                0x000002cf       0x1d c:/ac62/systemworkbench/plugins/fr.ac6.mcu.externaltools.arm-none.win32_1.7.0.201602121829/tools/compiler/bin/../lib/gcc/arm-none-eabi/5.2.1/armv7-m\libgcc.a(_arm_addsubsf3.o)
 .ARM.attributes
                0x000002ec       0x1d c:/ac62/systemworkbench/plugins/fr.ac6.mcu.externaltools.arm-none.win32_1.7.0.201602121829/tools/compiler/bin/../lib/gcc/arm-none-eabi/5.2.1/armv7-m\libgcc.a(_arm_muldivsf3.o)
 .ARM.attributes
                0x00000309       0x1d c:/ac62/systemworkbench/plugins/fr.ac6.mcu.externaltools.arm-none.win32_1.7.0.201602121829/tools/compiler/bin/../lib/gcc/arm-none-eabi/5.2.1/armv7-m\libgcc.a(_arm_cmpsf2.o)
 .ARM.attributes
                0x00000326       0x1d c:/ac62/systemworkbench/plugins/fr.ac6.mcu.externaltools.arm-none.win32_1.7.0.201602121829/tools/compiler/bin/../lib/gcc/arm-none-eabi/5.2.1/armv7-m\libgcc.a(_arm_fixsfsi.o)
 .ARM.attributes
                0x00000343       0x2d c:/ac62/systemworkbench/plugins/fr.ac6.mcu.externaltools.arm-none.win32_1.7.0.201602121829/tools/compiler/bin/../lib/gcc/arm-none-eabi/5.2.1/../../../../arm-none-eabi/lib/armv7-m\libc.a(lib_a-errno.o)
 .ARM.attributes
                0x00000370       0x2d c:/ac62/systemworkbench/plugins/fr.ac6.mcu.externaltools.arm-none.win32_1.7.0.201602121829/tools/compiler/bin/../lib/gcc/arm-none-eabi/5.2.1/../../../../arm-none-eabi/lib/armv7-m\libc.a(lib_a-impure.o)
 .ARM.attributes
                0x0000039d       0x2d c:/ac62/systemworkbench/plugins/fr.ac6.mcu.externaltools.arm-none.win32_1.7.0.201602121829/tools/compiler/bin/../lib/gcc/arm-none-eabi/5.2.1/../../../../arm-none-eabi/lib/armv7-m\libc.a(lib_a-init.o)
 .ARM.attributes
                0x000003ca       0x2d c:/ac62/systemworkbench/plugins/fr.ac6.mcu.externaltools.arm-none.win32_1.7.0.201602121829/tools/compiler/bin/../lib/gcc/arm-none-eabi/5.2.1/../../../../arm-none-eabi/lib/armv7-m\libc.a(lib_a-memset.o)
 .ARM.attributes
                0x000003f7       0x2d c:/ac62/systemworkbench/plugins/fr.ac6.mcu.externaltools.arm-none.win32_1.7.0.201602121829/tools/compiler/bin/../lib/gcc/arm-none-eabi/5.2.1/../../../../arm-none-eabi/lib/armv7-m\libc.a(lib_a-printf.o)
 .ARM.attributes
                0x00000424       0x2d c:/ac62/systemworkbench/plugins/fr.ac6.mcu.externaltools.arm-none.win32_1.7.0.201602121829/tools/compiler/bin/../lib/gcc/arm-none-eabi/5.2.1/../../../../arm-none-eabi/lib/armv7-m\libc.a(lib_a-vfprintf.o)
 .ARM.attributes
                0x00000451       0x2d c:/ac62/systemworkbench/plugins/fr.ac6.mcu.externaltools.arm-none.win32_1.7.0.201602121829/tools/compiler/bin/../lib/gcc/arm-none-eabi/5.2.1/../../../../arm-none-eabi/lib/armv7-m\libc.a(lib_a-wsetup.o)
 .ARM.attributes
                0x0000047e       0x2d c:/ac62/systemworkbench/plugins/fr.ac6.mcu.externaltools.arm-none.win32_1.7.0.201602121829/tools/compiler/bin/../lib/gcc/arm-none-eabi/5.2.1/../../../../arm-none-eabi/lib/armv7-m\libc.a(lib_a-__call_atexit.o)
 .ARM.attributes
                0x000004ab       0x2d c:/ac62/systemworkbench/plugins/fr.ac6.mcu.externaltools.arm-none.win32_1.7.0.201602121829/tools/compiler/bin/../lib/gcc/arm-none-eabi/5.2.1/../../../../arm-none-eabi/lib/armv7-m\libc.a(lib_a-atexit.o)
 .ARM.attributes
                0x000004d8       0x2d c:/ac62/systemworkbench/plugins/fr.ac6.mcu.externaltools.arm-none.win32_1.7.0.201602121829/tools/compiler/bin/../lib/gcc/arm-none-eabi/5.2.1/../../../../arm-none-eabi/lib/armv7-m\libc.a(lib_a-dtoa.o)
 .ARM.attributes
                0x00000505       0x2d c:/ac62/systemworkbench/plugins/fr.ac6.mcu.externaltools.arm-none.win32_1.7.0.201602121829/tools/compiler/bin/../lib/gcc/arm-none-eabi/5.2.1/../../../../arm-none-eabi/lib/armv7-m\libc.a(lib_a-fflush.o)
 .ARM.attributes
                0x00000532       0x2d c:/ac62/systemworkbench/plugins/fr.ac6.mcu.externaltools.arm-none.win32_1.7.0.201602121829/tools/compiler/bin/../lib/gcc/arm-none-eabi/5.2.1/../../../../arm-none-eabi/lib/armv7-m\libc.a(lib_a-findfp.o)
 .ARM.attributes
                0x0000055f       0x2d c:/ac62/systemworkbench/plugins/fr.ac6.mcu.externaltools.arm-none.win32_1.7.0.201602121829/tools/compiler/bin/../lib/gcc/arm-none-eabi/5.2.1/../../../../arm-none-eabi/lib/armv7-m\libc.a(lib_a-fini.o)
 .ARM.attributes
                0x0000058c       0x2d c:/ac62/systemworkbench/plugins/fr.ac6.mcu.externaltools.arm-none.win32_1.7.0.201602121829/tools/compiler/bin/../lib/gcc/arm-none-eabi/5.2.1/../../../../arm-none-eabi/lib/armv7-m\libc.a(lib_a-freer.o)
 .ARM.attributes
                0x000005b9       0x2d c:/ac62/systemworkbench/plugins/fr.ac6.mcu.externaltools.arm-none.win32_1.7.0.201602121829/tools/compiler/bin/../lib/gcc/arm-none-eabi/5.2.1/../../../../arm-none-eabi/lib/armv7-m\libc.a(lib_a-fwalk.o)
 .ARM.attributes
                0x000005e6       0x2d c:/ac62/systemworkbench/plugins/fr.ac6.mcu.externaltools.arm-none.win32_1.7.0.201602121829/tools/compiler/bin/../lib/gcc/arm-none-eabi/5.2.1/../../../../arm-none-eabi/lib/armv7-m\libc.a(lib_a-locale.o)
 .ARM.attributes
                0x00000613       0x2d c:/ac62/systemworkbench/plugins/fr.ac6.mcu.externaltools.arm-none.win32_1.7.0.201602121829/tools/compiler/bin/../lib/gcc/arm-none-eabi/5.2.1/../../../../arm-none-eabi/lib/armv7-m\libc.a(lib_a-makebuf.o)
 .ARM.attributes
                0x00000640       0x2d c:/ac62/systemworkbench/plugins/fr.ac6.mcu.externaltools.arm-none.win32_1.7.0.201602121829/tools/compiler/bin/../lib/gcc/arm-none-eabi/5.2.1/../../../../arm-none-eabi/lib/armv7-m\libc.a(lib_a-mallocr.o)
 .ARM.attributes
                0x0000066d       0x2d c:/ac62/systemworkbench/plugins/fr.ac6.mcu.externaltools.arm-none.win32_1.7.0.201602121829/tools/compiler/bin/../lib/gcc/arm-none-eabi/5.2.1/../../../../arm-none-eabi/lib/armv7-m\libc.a(lib_a-memchr-stub.o)
 .ARM.attributes
                0x0000069a       0x1b c:/ac62/systemworkbench/plugins/fr.ac6.mcu.externaltools.arm-none.win32_1.7.0.201602121829/tools/compiler/bin/../lib/gcc/arm-none-eabi/5.2.1/../../../../arm-none-eabi/lib/armv7-m\libc.a(lib_a-memcpy.o)
 .ARM.attributes
                0x000006b5       0x2d c:/ac62/systemworkbench/plugins/fr.ac6.mcu.externaltools.arm-none.win32_1.7.0.201602121829/tools/compiler/bin/../lib/gcc/arm-none-eabi/5.2.1/../../../../arm-none-eabi/lib/armv7-m\libc.a(lib_a-mlock.o)
 .ARM.attributes
                0x000006e2       0x2d c:/ac62/systemworkbench/plugins/fr.ac6.mcu.externaltools.arm-none.win32_1.7.0.201602121829/tools/compiler/bin/../lib/gcc/arm-none-eabi/5.2.1/../../../../arm-none-eabi/lib/armv7-m\libc.a(lib_a-mprec.o)
 .ARM.attributes
                0x0000070f       0x2d c:/ac62/systemworkbench/plugins/fr.ac6.mcu.externaltools.arm-none.win32_1.7.0.201602121829/tools/compiler/bin/../lib/gcc/arm-none-eabi/5.2.1/../../../../arm-none-eabi/lib/armv7-m\libc.a(lib_a-s_fpclassify.o)
 .ARM.attributes
                0x0000073c       0x2d c:/ac62/systemworkbench/plugins/fr.ac6.mcu.externaltools.arm-none.win32_1.7.0.201602121829/tools/compiler/bin/../lib/gcc/arm-none-eabi/5.2.1/../../../../arm-none-eabi/lib/armv7-m\libc.a(lib_a-sbrkr.o)
 .ARM.attributes
                0x00000769       0x2d c:/ac62/systemworkbench/plugins/fr.ac6.mcu.externaltools.arm-none.win32_1.7.0.201602121829/tools/compiler/bin/../lib/gcc/arm-none-eabi/5.2.1/../../../../arm-none-eabi/lib/armv7-m\libc.a(lib_a-stdio.o)
 .ARM.attributes
                0x00000796       0x2d c:/ac62/systemworkbench/plugins/fr.ac6.mcu.externaltools.arm-none.win32_1.7.0.201602121829/tools/compiler/bin/../lib/gcc/arm-none-eabi/5.2.1/../../../../arm-none-eabi/lib/armv7-m\libc.a(lib_a-strlen-stub.o)
 .ARM.attributes
                0x000007c3       0x2d c:/ac62/systemworkbench/plugins/fr.ac6.mcu.externaltools.arm-none.win32_1.7.0.201602121829/tools/compiler/bin/../lib/gcc/arm-none-eabi/5.2.1/../../../../arm-none-eabi/lib/armv7-m\libc.a(lib_a-vfiprintf.o)
 .ARM.attributes
                0x000007f0       0x2d c:/ac62/systemworkbench/plugins/fr.ac6.mcu.externaltools.arm-none.win32_1.7.0.201602121829/tools/compiler/bin/../lib/gcc/arm-none-eabi/5.2.1/../../../../arm-none-eabi/lib/armv7-m\libc.a(lib_a-writer.o)
 .ARM.attributes
                0x0000081d       0x2d c:/ac62/systemworkbench/plugins/fr.ac6.mcu.externaltools.arm-none.win32_1.7.0.201602121829/tools/compiler/bin/../lib/gcc/arm-none-eabi/5.2.1/../../../../arm-none-eabi/lib/armv7-m\libc.a(lib_a-__atexit.o)
 .ARM.attributes
                0x0000084a       0x2d c:/ac62/systemworkbench/plugins/fr.ac6.mcu.externaltools.arm-none.win32_1.7.0.201602121829/tools/compiler/bin/../lib/gcc/arm-none-eabi/5.2.1/../../../../arm-none-eabi/lib/armv7-m\libc.a(lib_a-callocr.o)
 .ARM.attributes
                0x00000877       0x2d c:/ac62/systemworkbench/plugins/fr.ac6.mcu.externaltools.arm-none.win32_1.7.0.201602121829/tools/compiler/bin/../lib/gcc/arm-none-eabi/5.2.1/../../../../arm-none-eabi/lib/armv7-m\libc.a(lib_a-closer.o)
 .ARM.attributes
                0x000008a4       0x2d c:/ac62/systemworkbench/plugins/fr.ac6.mcu.externaltools.arm-none.win32_1.7.0.201602121829/tools/compiler/bin/../lib/gcc/arm-none-eabi/5.2.1/../../../../arm-none-eabi/lib/armv7-m\libc.a(lib_a-fclose.o)
 .ARM.attributes
                0x000008d1       0x2d c:/ac62/systemworkbench/plugins/fr.ac6.mcu.externaltools.arm-none.win32_1.7.0.201602121829/tools/compiler/bin/../lib/gcc/arm-none-eabi/5.2.1/../../../../arm-none-eabi/lib/armv7-m\libc.a(lib_a-fputwc.o)
 .ARM.attributes
                0x000008fe       0x2d c:/ac62/systemworkbench/plugins/fr.ac6.mcu.externaltools.arm-none.win32_1.7.0.201602121829/tools/compiler/bin/../lib/gcc/arm-none-eabi/5.2.1/../../../../arm-none-eabi/lib/armv7-m\libc.a(lib_a-fstatr.o)
 .ARM.attributes
                0x0000092b       0x2d c:/ac62/systemworkbench/plugins/fr.ac6.mcu.externaltools.arm-none.win32_1.7.0.201602121829/tools/compiler/bin/../lib/gcc/arm-none-eabi/5.2.1/../../../../arm-none-eabi/lib/armv7-m\libc.a(lib_a-fvwrite.o)
 .ARM.attributes
                0x00000958       0x2d c:/ac62/systemworkbench/plugins/fr.ac6.mcu.externaltools.arm-none.win32_1.7.0.201602121829/tools/compiler/bin/../lib/gcc/arm-none-eabi/5.2.1/../../../../arm-none-eabi/lib/armv7-m\libc.a(lib_a-isattyr.o)
 .ARM.attributes
                0x00000985       0x2d c:/ac62/systemworkbench/plugins/fr.ac6.mcu.externaltools.arm-none.win32_1.7.0.201602121829/tools/compiler/bin/../lib/gcc/arm-none-eabi/5.2.1/../../../../arm-none-eabi/lib/armv7-m\libc.a(lib_a-lseekr.o)
 .ARM.attributes
                0x000009b2       0x2d c:/ac62/systemworkbench/plugins/fr.ac6.mcu.externaltools.arm-none.win32_1.7.0.201602121829/tools/compiler/bin/../lib/gcc/arm-none-eabi/5.2.1/../../../../arm-none-eabi/lib/armv7-m\libc.a(lib_a-memmove.o)
 .ARM.attributes
                0x000009df       0x2d c:/ac62/systemworkbench/plugins/fr.ac6.mcu.externaltools.arm-none.win32_1.7.0.201602121829/tools/compiler/bin/../lib/gcc/arm-none-eabi/5.2.1/../../../../arm-none-eabi/lib/armv7-m\libc.a(lib_a-readr.o)
 .ARM.attributes
                0x00000a0c       0x2d c:/ac62/systemworkbench/plugins/fr.ac6.mcu.externaltools.arm-none.win32_1.7.0.201602121829/tools/compiler/bin/../lib/gcc/arm-none-eabi/5.2.1/../../../../arm-none-eabi/lib/armv7-m\libc.a(lib_a-reallocr.o)
 .ARM.attributes
                0x00000a39       0x2d c:/ac62/systemworkbench/plugins/fr.ac6.mcu.externaltools.arm-none.win32_1.7.0.201602121829/tools/compiler/bin/../lib/gcc/arm-none-eabi/5.2.1/../../../../arm-none-eabi/lib/armv7-m\libc.a(lib_a-reent.o)
 .ARM.attributes
                0x00000a66       0x2d c:/ac62/systemworkbench/plugins/fr.ac6.mcu.externaltools.arm-none.win32_1.7.0.201602121829/tools/compiler/bin/../lib/gcc/arm-none-eabi/5.2.1/../../../../arm-none-eabi/lib/armv7-m\libc.a(lib_a-wbuf.o)
 .ARM.attributes
                0x00000a93       0x2d c:/ac62/systemworkbench/plugins/fr.ac6.mcu.externaltools.arm-none.win32_1.7.0.201602121829/tools/compiler/bin/../lib/gcc/arm-none-eabi/5.2.1/../../../../arm-none-eabi/lib/armv7-m\libc.a(lib_a-wcrtomb.o)
 .ARM.attributes
                0x00000ac0       0x2d c:/ac62/systemworkbench/plugins/fr.ac6.mcu.externaltools.arm-none.win32_1.7.0.201602121829/tools/compiler/bin/../lib/gcc/arm-none-eabi/5.2.1/../../../../arm-none-eabi/lib/armv7-m\libc.a(lib_a-wctomb_r.o)
 .ARM.attributes
                0x00000aed       0x1d c:/ac62/systemworkbench/plugins/fr.ac6.mcu.externaltools.arm-none.win32_1.7.0.201602121829/tools/compiler/bin/../lib/gcc/arm-none-eabi/5.2.1/armv7-m\libgcc.a(_arm_addsubdf3.o)
 .ARM.attributes
                0x00000b0a       0x1d c:/ac62/systemworkbench/plugins/fr.ac6.mcu.externaltools.arm-none.win32_1.7.0.201602121829/tools/compiler/bin/../lib/gcc/arm-none-eabi/5.2.1/armv7-m\libgcc.a(_arm_muldivdf3.o)
 .ARM.attributes
                0x00000b27       0x1d c:/ac62/systemworkbench/plugins/fr.ac6.mcu.externaltools.arm-none.win32_1.7.0.201602121829/tools/compiler/bin/../lib/gcc/arm-none-eabi/5.2.1/armv7-m\libgcc.a(_arm_cmpdf2.o)
 .ARM.attributes
                0x00000b44       0x1d c:/ac62/systemworkbench/plugins/fr.ac6.mcu.externaltools.arm-none.win32_1.7.0.201602121829/tools/compiler/bin/../lib/gcc/arm-none-eabi/5.2.1/armv7-m\libgcc.a(_arm_fixdfsi.o)
 .ARM.attributes
                0x00000b61       0x1d c:/ac62/systemworkbench/plugins/fr.ac6.mcu.externaltools.arm-none.win32_1.7.0.201602121829/tools/compiler/bin/../lib/gcc/arm-none-eabi/5.2.1/armv7-m\libgcc.a(_aeabi_uldivmod.o)
 .ARM.attributes
                0x00000b7e       0x2d c:/ac62/systemworkbench/plugins/fr.ac6.mcu.externaltools.arm-none.win32_1.7.0.201602121829/tools/compiler/bin/../lib/gcc/arm-none-eabi/5.2.1/armv7-m\libgcc.a(_udivmoddi4.o)
 .ARM.attributes
                0x00000bab       0x1d c:/ac62/systemworkbench/plugins/fr.ac6.mcu.externaltools.arm-none.win32_1.7.0.201602121829/tools/compiler/bin/../lib/gcc/arm-none-eabi/5.2.1/armv7-m\libgcc.a(_dvmd_tls.o)
 .ARM.attributes
                0x00000bc8       0x2d c:/ac62/systemworkbench/plugins/fr.ac6.mcu.externaltools.arm-none.win32_1.7.0.201602121829/tools/compiler/bin/../lib/gcc/arm-none-eabi/5.2.1/armv7-m/crtend.o
 .ARM.attributes
                0x00000bf5       0x1d c:/ac62/systemworkbench/plugins/fr.ac6.mcu.externaltools.arm-none.win32_1.7.0.201602121829/tools/compiler/bin/../lib/gcc/arm-none-eabi/5.2.1/armv7-m/crtn.o
OUTPUT(Balancing.elf elf32-littlearm)

.debug_info     0x00000000     0x72b2
 .debug_info    0x00000000      0x549 StdPeriph_Driver/src/misc.o
 .debug_info    0x00000549      0x359 StdPeriph_Driver/src/stm32f10x_exti.o
 .debug_info    0x000008a2      0x6fe StdPeriph_Driver/src/stm32f10x_gpio.o
 .debug_info    0x00000fa0      0xb14 StdPeriph_Driver/src/stm32f10x_i2c.o
 .debug_info    0x00001ab4      0x8a1 StdPeriph_Driver/src/stm32f10x_rcc.o
 .debug_info    0x00002355     0x1c68 StdPeriph_Driver/src/stm32f10x_tim.o
 .debug_info    0x00003fbd      0x9f8 StdPeriph_Driver/src/stm32f10x_usart.o
 .debug_info    0x000049b5      0x821 src/MPU6050.o
 .debug_info    0x000051d6      0x3f7 src/esp8266.o
 .debug_info    0x000055cd     0x11b7 src/main.o
 .debug_info    0x00006784      0x667 src/syscalls.o
 .debug_info    0x00006deb      0x459 src/system_stm32f10x.o
 .debug_info    0x00007244       0x6e startup/startup_stm32f10x_md.o

.debug_abbrev   0x00000000     0x1462
 .debug_abbrev  0x00000000      0x14c StdPeriph_Driver/src/misc.o
 .debug_abbrev  0x0000014c      0x15a StdPeriph_Driver/src/stm32f10x_exti.o
 .debug_abbrev  0x000002a6      0x1d1 StdPeriph_Driver/src/stm32f10x_gpio.o
 .debug_abbrev  0x00000477      0x16b StdPeriph_Driver/src/stm32f10x_i2c.o
 .debug_abbrev  0x000005e2      0x1c1 StdPeriph_Driver/src/stm32f10x_rcc.o
 .debug_abbrev  0x000007a3      0x1b7 StdPeriph_Driver/src/stm32f10x_tim.o
 .debug_abbrev  0x0000095a      0x169 StdPeriph_Driver/src/stm32f10x_usart.o
 .debug_abbrev  0x00000ac3      0x1f7 src/MPU6050.o
 .debug_abbrev  0x00000cba      0x152 src/esp8266.o
 .debug_abbrev  0x00000e0c      0x381 src/main.o
 .debug_abbrev  0x0000118d      0x177 src/syscalls.o
 .debug_abbrev  0x00001304      0x14c src/system_stm32f10x.o
 .debug_abbrev  0x00001450       0x12 startup/startup_stm32f10x_md.o

.debug_aranges  0x00000000      0xa08
 .debug_aranges
                0x00000000       0x40 StdPeriph_Driver/src/misc.o
 .debug_aranges
                0x00000040       0x58 StdPeriph_Driver/src/stm32f10x_exti.o
 .debug_aranges
                0x00000098       0xa8 StdPeriph_Driver/src/stm32f10x_gpio.o
 .debug_aranges
                0x00000140      0x120 StdPeriph_Driver/src/stm32f10x_i2c.o
 .debug_aranges
                0x00000260      0x118 StdPeriph_Driver/src/stm32f10x_rcc.o
 .debug_aranges
                0x00000378      0x2f0 StdPeriph_Driver/src/stm32f10x_tim.o
 .debug_aranges
                0x00000668      0x100 StdPeriph_Driver/src/stm32f10x_usart.o
 .debug_aranges
                0x00000768       0xa8 src/MPU6050.o
 .debug_aranges
                0x00000810       0x38 src/esp8266.o
 .debug_aranges
                0x00000848       0xb8 src/main.o
 .debug_aranges
                0x00000900       0xb0 src/syscalls.o
 .debug_aranges
                0x000009b0       0x30 src/system_stm32f10x.o
 .debug_aranges
                0x000009e0       0x28 startup/startup_stm32f10x_md.o

.debug_ranges   0x00000000      0x940
 .debug_ranges  0x00000000       0x30 StdPeriph_Driver/src/misc.o
 .debug_ranges  0x00000030       0x48 StdPeriph_Driver/src/stm32f10x_exti.o
 .debug_ranges  0x00000078       0x98 StdPeriph_Driver/src/stm32f10x_gpio.o
 .debug_ranges  0x00000110      0x110 StdPeriph_Driver/src/stm32f10x_i2c.o
 .debug_ranges  0x00000220      0x108 StdPeriph_Driver/src/stm32f10x_rcc.o
 .debug_ranges  0x00000328      0x2e0 StdPeriph_Driver/src/stm32f10x_tim.o
 .debug_ranges  0x00000608       0xf0 StdPeriph_Driver/src/stm32f10x_usart.o
 .debug_ranges  0x000006f8       0x98 src/MPU6050.o
 .debug_ranges  0x00000790       0x28 src/esp8266.o
 .debug_ranges  0x000007b8       0xa8 src/main.o
 .debug_ranges  0x00000860       0xa0 src/syscalls.o
 .debug_ranges  0x00000900       0x20 src/system_stm32f10x.o
 .debug_ranges  0x00000920       0x20 startup/startup_stm32f10x_md.o

.debug_macro    0x00000000    0x10d6b
 .debug_macro   0x00000000      0x192 StdPeriph_Driver/src/misc.o
 .debug_macro   0x00000192      0x892 StdPeriph_Driver/src/misc.o
 .debug_macro   0x00000a24       0x5d StdPeriph_Driver/src/misc.o
 .debug_macro   0x00000a81       0x3a StdPeriph_Driver/src/misc.o
 .debug_macro   0x00000abb       0x22 StdPeriph_Driver/src/misc.o
 .debug_macro   0x00000add       0x44 StdPeriph_Driver/src/misc.o
 .debug_macro   0x00000b21       0xfd StdPeriph_Driver/src/misc.o
 .debug_macro   0x00000c1e       0x22 StdPeriph_Driver/src/misc.o
 .debug_macro   0x00000c40      0x1df StdPeriph_Driver/src/misc.o
 .debug_macro   0x00000e1f       0x2d StdPeriph_Driver/src/misc.o
 .debug_macro   0x00000e4c      0xa8b StdPeriph_Driver/src/misc.o
 .debug_macro   0x000018d7     0x7eb3 StdPeriph_Driver/src/misc.o
 .debug_macro   0x0000978a      0x2e4 StdPeriph_Driver/src/misc.o
 .debug_macro   0x00009a6e      0x14a StdPeriph_Driver/src/misc.o
 .debug_macro   0x00009bb8      0x3cf StdPeriph_Driver/src/misc.o
 .debug_macro   0x00009f87       0xc8 StdPeriph_Driver/src/misc.o
 .debug_macro   0x0000a04f      0x17b StdPeriph_Driver/src/misc.o
 .debug_macro   0x0000a1ca       0xac StdPeriph_Driver/src/misc.o
 .debug_macro   0x0000a276      0x3b0 StdPeriph_Driver/src/misc.o
 .debug_macro   0x0000a626       0x9d StdPeriph_Driver/src/misc.o
 .debug_macro   0x0000a6c3      0x2d5 StdPeriph_Driver/src/misc.o
 .debug_macro   0x0000a998      0x279 StdPeriph_Driver/src/misc.o
 .debug_macro   0x0000ac11      0x2ad StdPeriph_Driver/src/misc.o
 .debug_macro   0x0000aebe      0x2b4 StdPeriph_Driver/src/misc.o
 .debug_macro   0x0000b172       0x64 StdPeriph_Driver/src/misc.o
 .debug_macro   0x0000b1d6       0x82 StdPeriph_Driver/src/misc.o
 .debug_macro   0x0000b258      0x3e2 StdPeriph_Driver/src/misc.o
 .debug_macro   0x0000b63a       0x58 StdPeriph_Driver/src/misc.o
 .debug_macro   0x0000b692      0x344 StdPeriph_Driver/src/misc.o
 .debug_macro   0x0000b9d6      0x2c4 StdPeriph_Driver/src/misc.o
 .debug_macro   0x0000bc9a      0x711 StdPeriph_Driver/src/misc.o
 .debug_macro   0x0000c3ab      0x229 StdPeriph_Driver/src/misc.o
 .debug_macro   0x0000c5d4       0x34 StdPeriph_Driver/src/misc.o
 .debug_macro   0x0000c608       0x35 StdPeriph_Driver/src/misc.o
 .debug_macro   0x0000c63d       0x86 StdPeriph_Driver/src/misc.o
 .debug_macro   0x0000c6c3      0x192 StdPeriph_Driver/src/stm32f10x_exti.o
 .debug_macro   0x0000c855       0x97 StdPeriph_Driver/src/stm32f10x_exti.o
 .debug_macro   0x0000c8ec      0x1de StdPeriph_Driver/src/stm32f10x_gpio.o
 .debug_macro   0x0000caca      0x2a7 StdPeriph_Driver/src/stm32f10x_gpio.o
 .debug_macro   0x0000cd71      0x263 StdPeriph_Driver/src/stm32f10x_i2c.o
 .debug_macro   0x0000cfd4      0x2ae StdPeriph_Driver/src/stm32f10x_i2c.o
 .debug_macro   0x0000d282      0x2ac StdPeriph_Driver/src/stm32f10x_rcc.o
 .debug_macro   0x0000d52e      0x3dc StdPeriph_Driver/src/stm32f10x_rcc.o
 .debug_macro   0x0000d90a      0x1a8 StdPeriph_Driver/src/stm32f10x_tim.o
 .debug_macro   0x0000dab2      0x70b StdPeriph_Driver/src/stm32f10x_tim.o
 .debug_macro   0x0000e1bd      0x244 StdPeriph_Driver/src/stm32f10x_usart.o
 .debug_macro   0x0000e401      0x223 StdPeriph_Driver/src/stm32f10x_usart.o
 .debug_macro   0x0000e624      0x1a4 src/MPU6050.o
 .debug_macro   0x0000e7c8       0x2e src/MPU6050.o
 .debug_macro   0x0000e7f6      0x844 src/MPU6050.o
 .debug_macro   0x0000f03a      0x182 src/esp8266.o
 .debug_macro   0x0000f1bc      0x2c7 src/main.o
 .debug_macro   0x0000f483       0x58 src/main.o
 .debug_macro   0x0000f4db       0x35 src/main.o
 .debug_macro   0x0000f510       0x9c src/main.o
 .debug_macro   0x0000f5ac       0x16 src/main.o
 .debug_macro   0x0000f5c2      0x10e src/main.o
 .debug_macro   0x0000f6d0       0x8d src/main.o
 .debug_macro   0x0000f75d       0x4a src/main.o
 .debug_macro   0x0000f7a7       0x52 src/main.o
 .debug_macro   0x0000f7f9       0x16 src/main.o
 .debug_macro   0x0000f80f       0x43 src/main.o
 .debug_macro   0x0000f852      0x187 src/main.o
 .debug_macro   0x0000f9d9      0x329 src/main.o
 .debug_macro   0x0000fd02       0x16 src/main.o
 .debug_macro   0x0000fd18       0x29 src/main.o
 .debug_macro   0x0000fd41      0x1e1 src/main.o
 .debug_macro   0x0000ff22       0x22 src/main.o
 .debug_macro   0x0000ff44       0x34 src/main.o
 .debug_macro   0x0000ff78      0x1f3 src/syscalls.o
 .debug_macro   0x0001016b      0x174 src/syscalls.o
 .debug_macro   0x000102df       0x10 src/syscalls.o
 .debug_macro   0x000102ef       0x35 src/syscalls.o
 .debug_macro   0x00010324       0x10 src/syscalls.o
 .debug_macro   0x00010334       0x10 src/syscalls.o
 .debug_macro   0x00010344       0x10 src/syscalls.o
 .debug_macro   0x00010354       0x22 src/syscalls.o
 .debug_macro   0x00010376       0x3a src/syscalls.o
 .debug_macro   0x000103b0       0x10 src/syscalls.o
 .debug_macro   0x000103c0       0x40 src/syscalls.o
 .debug_macro   0x00010400       0x65 src/syscalls.o
 .debug_macro   0x00010465       0x35 src/syscalls.o
 .debug_macro   0x0001049a      0x122 src/syscalls.o
 .debug_macro   0x000105bc       0x10 src/syscalls.o
 .debug_macro   0x000105cc      0x241 src/syscalls.o
 .debug_macro   0x0001080d       0x1c src/syscalls.o
 .debug_macro   0x00010829       0x10 src/syscalls.o
 .debug_macro   0x00010839       0x16 src/syscalls.o
 .debug_macro   0x0001084f      0x197 src/syscalls.o
 .debug_macro   0x000109e6      0x159 src/syscalls.o
 .debug_macro   0x00010b3f       0x16 src/syscalls.o
 .debug_macro   0x00010b55       0x88 src/syscalls.o
 .debug_macro   0x00010bdd      0x18e src/system_stm32f10x.o

.debug_line     0x00000000     0x5dda
 .debug_line    0x00000000      0x5d1 StdPeriph_Driver/src/misc.o
 .debug_line    0x000005d1      0x62a StdPeriph_Driver/src/stm32f10x_exti.o
 .debug_line    0x00000bfb      0x754 StdPeriph_Driver/src/stm32f10x_gpio.o
 .debug_line    0x0000134f      0x857 StdPeriph_Driver/src/stm32f10x_i2c.o
 .debug_line    0x00001ba6      0x850 StdPeriph_Driver/src/stm32f10x_rcc.o
 .debug_line    0x000023f6      0xed5 StdPeriph_Driver/src/stm32f10x_tim.o
 .debug_line    0x000032cb      0x822 StdPeriph_Driver/src/stm32f10x_usart.o
 .debug_line    0x00003aed      0x79f src/MPU6050.o
 .debug_line    0x0000428c      0x5ae src/esp8266.o
 .debug_line    0x0000483a      0x9d9 src/main.o
 .debug_line    0x00005213      0x57b src/syscalls.o
 .debug_line    0x0000578e      0x5ce src/system_stm32f10x.o
 .debug_line    0x00005d5c       0x7e startup/startup_stm32f10x_md.o

.debug_str      0x00000000    0x59a2c
 .debug_str     0x00000000    0x4e6e8 StdPeriph_Driver/src/misc.o
                              0x4e861 (size before relaxing)
 .debug_str     0x0004e6e8      0x1e5 StdPeriph_Driver/src/stm32f10x_exti.o
                              0x4e7e4 (size before relaxing)
 .debug_str     0x0004e8cd      0x5b6 StdPeriph_Driver/src/stm32f10x_gpio.o
                              0x4ebd3 (size before relaxing)
 .debug_str     0x0004ee83      0x8d4 StdPeriph_Driver/src/stm32f10x_i2c.o
                              0x4ef75 (size before relaxing)
 .debug_str     0x0004f757      0xae2 StdPeriph_Driver/src/stm32f10x_rcc.o
                              0x4f1b9 (size before relaxing)
 .debug_str     0x00050239      0xbed StdPeriph_Driver/src/stm32f10x_tim.o
                              0x4f2d7 (size before relaxing)
 .debug_str     0x00050e26      0x7f0 StdPeriph_Driver/src/stm32f10x_usart.o
                              0x4eee3 (size before relaxing)
 .debug_str     0x00051616     0x2724 src/MPU6050.o
                              0x50f62 (size before relaxing)
 .debug_str     0x00053d3a       0x47 src/esp8266.o
                              0x4e81f (size before relaxing)
 .debug_str     0x00053d81     0x3baf src/main.o
                              0x54caf (size before relaxing)
 .debug_str     0x00057930     0x206d src/syscalls.o
                               0x72b5 (size before relaxing)
 .debug_str     0x0005999d       0x8f src/system_stm32f10x.o
                              0x4e758 (size before relaxing)

.comment        0x00000000       0x6e
 .comment       0x00000000       0x6e StdPeriph_Driver/src/misc.o
                                 0x6f (size before relaxing)
 .comment       0x0000006e       0x6f StdPeriph_Driver/src/stm32f10x_exti.o
 .comment       0x0000006e       0x6f StdPeriph_Driver/src/stm32f10x_gpio.o
 .comment       0x0000006e       0x6f StdPeriph_Driver/src/stm32f10x_i2c.o
 .comment       0x0000006e       0x6f StdPeriph_Driver/src/stm32f10x_rcc.o
 .comment       0x0000006e       0x6f StdPeriph_Driver/src/stm32f10x_tim.o
 .comment       0x0000006e       0x6f StdPeriph_Driver/src/stm32f10x_usart.o
 .comment       0x0000006e       0x6f src/MPU6050.o
 .comment       0x0000006e       0x6f src/esp8266.o
 .comment       0x0000006e       0x6f src/main.o
 .comment       0x0000006e       0x6f src/syscalls.o
 .comment       0x0000006e       0x6f src/system_stm32f10x.o

.debug_frame    0x00000000     0x3af0
 .debug_frame   0x00000000       0xd8 StdPeriph_Driver/src/misc.o
 .debug_frame   0x000000d8      0x148 StdPeriph_Driver/src/stm32f10x_exti.o
 .debug_frame   0x00000220      0x2d0 StdPeriph_Driver/src/stm32f10x_gpio.o
 .debug_frame   0x000004f0      0x530 StdPeriph_Driver/src/stm32f10x_i2c.o
 .debug_frame   0x00000a20      0x4f4 StdPeriph_Driver/src/stm32f10x_rcc.o
 .debug_frame   0x00000f14      0xe2c StdPeriph_Driver/src/stm32f10x_tim.o
 .debug_frame   0x00001d40      0x490 StdPeriph_Driver/src/stm32f10x_usart.o
 .debug_frame   0x000021d0      0x294 src/MPU6050.o
 .debug_frame   0x00002464       0xa0 src/esp8266.o
 .debug_frame   0x00002504      0x2dc src/main.o
 .debug_frame   0x000027e0      0x2d4 src/syscalls.o
 .debug_frame   0x00002ab4       0x7c src/system_stm32f10x.o
 .debug_frame   0x00002b30       0x20 c:/ac62/systemworkbench/plugins/fr.ac6.mcu.externaltools.arm-none.win32_1.7.0.201602121829/tools/compiler/bin/../lib/gcc/arm-none-eabi/5.2.1/../../../../arm-none-eabi/lib/armv7-m\libc.a(lib_a-errno.o)
 .debug_frame   0x00002b50       0x2c c:/ac62/systemworkbench/plugins/fr.ac6.mcu.externaltools.arm-none.win32_1.7.0.201602121829/tools/compiler/bin/../lib/gcc/arm-none-eabi/5.2.1/../../../../arm-none-eabi/lib/armv7-m\libc.a(lib_a-init.o)
 .debug_frame   0x00002b7c       0x34 c:/ac62/systemworkbench/plugins/fr.ac6.mcu.externaltools.arm-none.win32_1.7.0.201602121829/tools/compiler/bin/../lib/gcc/arm-none-eabi/5.2.1/../../../../arm-none-eabi/lib/armv7-m\libc.a(lib_a-memset.o)
 .debug_frame   0x00002bb0       0x78 c:/ac62/systemworkbench/plugins/fr.ac6.mcu.externaltools.arm-none.win32_1.7.0.201602121829/tools/compiler/bin/../lib/gcc/arm-none-eabi/5.2.1/../../../../arm-none-eabi/lib/armv7-m\libc.a(lib_a-printf.o)
 .debug_frame   0x00002c28       0x88 c:/ac62/systemworkbench/plugins/fr.ac6.mcu.externaltools.arm-none.win32_1.7.0.201602121829/tools/compiler/bin/../lib/gcc/arm-none-eabi/5.2.1/../../../../arm-none-eabi/lib/armv7-m\libc.a(lib_a-vfprintf.o)
 .debug_frame   0x00002cb0       0x2c c:/ac62/systemworkbench/plugins/fr.ac6.mcu.externaltools.arm-none.win32_1.7.0.201602121829/tools/compiler/bin/../lib/gcc/arm-none-eabi/5.2.1/../../../../arm-none-eabi/lib/armv7-m\libc.a(lib_a-wsetup.o)
 .debug_frame   0x00002cdc       0x50 c:/ac62/systemworkbench/plugins/fr.ac6.mcu.externaltools.arm-none.win32_1.7.0.201602121829/tools/compiler/bin/../lib/gcc/arm-none-eabi/5.2.1/../../../../arm-none-eabi/lib/armv7-m\libc.a(lib_a-__call_atexit.o)
 .debug_frame   0x00002d2c       0x20 c:/ac62/systemworkbench/plugins/fr.ac6.mcu.externaltools.arm-none.win32_1.7.0.201602121829/tools/compiler/bin/../lib/gcc/arm-none-eabi/5.2.1/../../../../arm-none-eabi/lib/armv7-m\libc.a(lib_a-atexit.o)
 .debug_frame   0x00002d4c       0x84 c:/ac62/systemworkbench/plugins/fr.ac6.mcu.externaltools.arm-none.win32_1.7.0.201602121829/tools/compiler/bin/../lib/gcc/arm-none-eabi/5.2.1/../../../../arm-none-eabi/lib/armv7-m\libc.a(lib_a-dtoa.o)
 .debug_frame   0x00002dd0       0x6c c:/ac62/systemworkbench/plugins/fr.ac6.mcu.externaltools.arm-none.win32_1.7.0.201602121829/tools/compiler/bin/../lib/gcc/arm-none-eabi/5.2.1/../../../../arm-none-eabi/lib/armv7-m\libc.a(lib_a-fflush.o)
 .debug_frame   0x00002e3c      0x124 c:/ac62/systemworkbench/plugins/fr.ac6.mcu.externaltools.arm-none.win32_1.7.0.201602121829/tools/compiler/bin/../lib/gcc/arm-none-eabi/5.2.1/../../../../arm-none-eabi/lib/armv7-m\libc.a(lib_a-findfp.o)
 .debug_frame   0x00002f60       0x34 c:/ac62/systemworkbench/plugins/fr.ac6.mcu.externaltools.arm-none.win32_1.7.0.201602121829/tools/compiler/bin/../lib/gcc/arm-none-eabi/5.2.1/../../../../arm-none-eabi/lib/armv7-m\libc.a(lib_a-fini.o)
 .debug_frame   0x00002f94       0x74 c:/ac62/systemworkbench/plugins/fr.ac6.mcu.externaltools.arm-none.win32_1.7.0.201602121829/tools/compiler/bin/../lib/gcc/arm-none-eabi/5.2.1/../../../../arm-none-eabi/lib/armv7-m\libc.a(lib_a-freer.o)
 .debug_frame   0x00003008       0x54 c:/ac62/systemworkbench/plugins/fr.ac6.mcu.externaltools.arm-none.win32_1.7.0.201602121829/tools/compiler/bin/../lib/gcc/arm-none-eabi/5.2.1/../../../../arm-none-eabi/lib/armv7-m\libc.a(lib_a-fwalk.o)
 .debug_frame   0x0000305c       0x9c c:/ac62/systemworkbench/plugins/fr.ac6.mcu.externaltools.arm-none.win32_1.7.0.201602121829/tools/compiler/bin/../lib/gcc/arm-none-eabi/5.2.1/../../../../arm-none-eabi/lib/armv7-m\libc.a(lib_a-locale.o)
 .debug_frame   0x000030f8       0x48 c:/ac62/systemworkbench/plugins/fr.ac6.mcu.externaltools.arm-none.win32_1.7.0.201602121829/tools/compiler/bin/../lib/gcc/arm-none-eabi/5.2.1/../../../../arm-none-eabi/lib/armv7-m\libc.a(lib_a-makebuf.o)
 .debug_frame   0x00003140       0x54 c:/ac62/systemworkbench/plugins/fr.ac6.mcu.externaltools.arm-none.win32_1.7.0.201602121829/tools/compiler/bin/../lib/gcc/arm-none-eabi/5.2.1/../../../../arm-none-eabi/lib/armv7-m\libc.a(lib_a-mallocr.o)
 .debug_frame   0x00003194       0x34 c:/ac62/systemworkbench/plugins/fr.ac6.mcu.externaltools.arm-none.win32_1.7.0.201602121829/tools/compiler/bin/../lib/gcc/arm-none-eabi/5.2.1/../../../../arm-none-eabi/lib/armv7-m\libc.a(lib_a-memchr-stub.o)
 .debug_frame   0x000031c8       0x30 c:/ac62/systemworkbench/plugins/fr.ac6.mcu.externaltools.arm-none.win32_1.7.0.201602121829/tools/compiler/bin/../lib/gcc/arm-none-eabi/5.2.1/../../../../arm-none-eabi/lib/armv7-m\libc.a(lib_a-mlock.o)